INSTRUMENTATION_STATUS: class=com.aurora.music.playback.RealPlaybackRackDeviceTest
INSTRUMENTATION_STATUS: current=1
INSTRUMENTATION_STATUS: id=AndroidJUnitRunner
INSTRUMENTATION_STATUS: numtests=1
INSTRUMENTATION_STATUS: stream=
com.aurora.music.playback.RealPlaybackRackDeviceTest:
INSTRUMENTATION_STATUS: test=denseRackKeepsPlayingThroughBackgroundEditsAndSeekAt48And96k
INSTRUMENTATION_STATUS_CODE: 1
INSTRUMENTATION_STATUS: class=com.aurora.music.playback.RealPlaybackRackDeviceTest
INSTRUMENTATION_STATUS: current=1
INSTRUMENTATION_STATUS: id=AndroidJUnitRunner
INSTRUMENTATION_STATUS: numtests=1
INSTRUMENTATION_STATUS: stack=java.lang.IllegalArgumentException: Required value was null.
	at com.aurora.music.playback.RealPlaybackRackDeviceTest.denseRackKeepsPlayingThroughBackgroundEditsAndSeekAt48And96k$lambda$11(RealPlaybackRackDeviceTest.kt:91)
	at com.aurora.music.playback.RealPlaybackRackDeviceTest.$r8$lambda$KCaitm5giKdLcdgi4k2qCIV6e6g(RealPlaybackRackDeviceTest.kt:0)
	at com.aurora.music.playback.RealPlaybackRackDeviceTest$$ExternalSyntheticLambda10.invoke(D8$$SyntheticClass:0)
	at com.aurora.music.playback.PrecisionPlaybackDeviceTest.withProcessingFixture$app_releaseAndroidTest(PrecisionPlaybackDeviceTest.kt:424)
	at com.aurora.music.playback.RealPlaybackRackDeviceTest.denseRackKeepsPlayingThroughBackgroundEditsAndSeekAt48And96k(RealPlaybackRackDeviceTest.kt:40)

INSTRUMENTATION_STATUS: stream=
Error in denseRackKeepsPlayingThroughBackgroundEditsAndSeekAt48And96k(com.aurora.music.playback.RealPlaybackRackDeviceTest):
java.lang.IllegalArgumentException: Required value was null.
	at com.aurora.music.playback.RealPlaybackRackDeviceTest.denseRackKeepsPlayingThroughBackgroundEditsAndSeekAt48And96k$lambda$11(RealPlaybackRackDeviceTest.kt:91)
	at com.aurora.music.playback.RealPlaybackRackDeviceTest.$r8$lambda$KCaitm5giKdLcdgi4k2qCIV6e6g(RealPlaybackRackDeviceTest.kt:0)
	at com.aurora.music.playback.RealPlaybackRackDeviceTest$$ExternalSyntheticLambda10.invoke(D8$$SyntheticClass:0)
	at com.aurora.music.playback.PrecisionPlaybackDeviceTest.withProcessingFixture$app_releaseAndroidTest(PrecisionPlaybackDeviceTest.kt:424)
	at com.aurora.music.playback.RealPlaybackRackDeviceTest.denseRackKeepsPlayingThroughBackgroundEditsAndSeekAt48And96k(RealPlaybackRackDeviceTest.kt:40)

INSTRUMENTATION_STATUS: test=denseRackKeepsPlayingThroughBackgroundEditsAndSeekAt48And96k
INSTRUMENTATION_STATUS_CODE: -2
INSTRUMENTATION_RESULT: stream=

Time: 113.142
There was 1 failure:
1) denseRackKeepsPlayingThroughBackgroundEditsAndSeekAt48And96k(com.aurora.music.playback.RealPlaybackRackDeviceTest)
java.lang.IllegalArgumentException: Required value was null.
	at com.aurora.music.playback.RealPlaybackRackDeviceTest.denseRackKeepsPlayingThroughBackgroundEditsAndSeekAt48And96k$lambda$11(RealPlaybackRackDeviceTest.kt:91)
	at com.aurora.music.playback.RealPlaybackRackDeviceTest.$r8$lambda$KCaitm5giKdLcdgi4k2qCIV6e6g(RealPlaybackRackDeviceTest.kt:0)
	at com.aurora.music.playback.RealPlaybackRackDeviceTest$$ExternalSyntheticLambda10.invoke(D8$$SyntheticClass:0)
	at com.aurora.music.playback.PrecisionPlaybackDeviceTest.withProcessingFixture$app_releaseAndroidTest(PrecisionPlaybackDeviceTest.kt:424)
	at com.aurora.music.playback.RealPlaybackRackDeviceTest.denseRackKeepsPlayingThroughBackgroundEditsAndSeekAt48And96k(RealPlaybackRackDeviceTest.kt:40)

FAILURES!!!
Tests run: 1,  Failures: 1


INSTRUMENTATION_CODE: -1
