--------- beginning of crash
E/AndroidRuntime( 5658): FATAL EXCEPTION: main
E/AndroidRuntime( 5658): Process: com.vicolo.chrono, PID: 5658
E/AndroidRuntime( 5658): java.lang.RuntimeException: Unable to create service com.flux.flutter_boot_receiver.BootHandlerService: java.lang.IllegalStateException: SharedPreferences in credential encrypted storage are not available until after user (id 0) is unlocked
E/AndroidRuntime( 5658): 	at android.app.ActivityThread.handleCreateService(ActivityThread.java:5370)
E/AndroidRuntime( 5658): 	at android.app.ActivityThread.-$$Nest$mhandleCreateService(ActivityThread.java:0)
E/AndroidRuntime( 5658): 	at android.app.ActivityThread$H.handleMessage(ActivityThread.java:2634)
E/AndroidRuntime( 5658): 	at android.os.Handler.dispatchMessage(Handler.java:110)
E/AndroidRuntime( 5658): 	at android.os.Looper.loopOnce(Looper.java:283)
E/AndroidRuntime( 5658): 	at android.os.Looper.loop(Looper.java:392)
E/AndroidRuntime( 5658): 	at android.app.ActivityThread.main(ActivityThread.java:9248)
E/AndroidRuntime( 5658): 	at java.lang.reflect.Method.invoke(Native Method)
E/AndroidRuntime( 5658): 	at com.android.internal.os.RuntimeInit$MethodAndArgsCaller.run(RuntimeInit.java:611)
E/AndroidRuntime( 5658): 	at com.android.internal.os.ZygoteInit.main(ZygoteInit.java:944)
E/AndroidRuntime( 5658): Caused by: java.lang.IllegalStateException: SharedPreferences in credential encrypted storage are not available until after user (id 0) is unlocked
E/AndroidRuntime( 5658): 	at android.app.ContextImpl.getSharedPreferences(ContextImpl.java:631)
E/AndroidRuntime( 5658): 	at android.app.ContextImpl.getSharedPreferences(ContextImpl.java:609)
E/AndroidRuntime( 5658): 	at android.content.ContextWrapper.getSharedPreferences(ContextWrapper.java:223)
E/AndroidRuntime( 5658): 	at com.flux.flutter_boot_receiver.a.f(SourceFile:9)
E/AndroidRuntime( 5658): 	at com.flux.flutter_boot_receiver.BootHandlerService.onCreate(SourceFile:22)
E/AndroidRuntime( 5658): 	at android.app.ActivityThread.handleCreateService(ActivityThread.java:5357)
E/AndroidRuntime( 5658): 	... 9 more
E/AndroidRuntime( 5993): FATAL EXCEPTION: main
E/AndroidRuntime( 5993): Process: com.vicolo.chrono, PID: 5993
E/AndroidRuntime( 5993): java.lang.RuntimeException: Unable to create service com.flux.flutter_boot_receiver.BootHandlerService: java.lang.IllegalStateException: SharedPreferences in credential encrypted storage are not available until after user (id 0) is unlocked
E/AndroidRuntime( 5993): 	at android.app.ActivityThread.handleCreateService(ActivityThread.java:5370)
E/AndroidRuntime( 5993): 	at android.app.ActivityThread.-$$Nest$mhandleCreateService(ActivityThread.java:0)
E/AndroidRuntime( 5993): 	at android.app.ActivityThread$H.handleMessage(ActivityThread.java:2634)
E/AndroidRuntime( 5993): 	at android.os.Handler.dispatchMessage(Handler.java:110)
E/AndroidRuntime( 5993): 	at android.os.Looper.loopOnce(Looper.java:283)
E/AndroidRuntime( 5993): 	at android.os.Looper.loop(Looper.java:392)
E/AndroidRuntime( 5993): 	at android.app.ActivityThread.main(ActivityThread.java:9248)
E/AndroidRuntime( 5993): 	at java.lang.reflect.Method.invoke(Native Method)
E/AndroidRuntime( 5993): 	at com.android.internal.os.RuntimeInit$MethodAndArgsCaller.run(RuntimeInit.java:611)
E/AndroidRuntime( 5993): 	at com.android.internal.os.ZygoteInit.main(ZygoteInit.java:944)
E/AndroidRuntime( 5993): Caused by: java.lang.IllegalStateException: SharedPreferences in credential encrypted storage are not available until after user (id 0) is unlocked
E/AndroidRuntime( 5993): 	at android.app.ContextImpl.getSharedPreferences(ContextImpl.java:631)
E/AndroidRuntime( 5993): 	at android.app.ContextImpl.getSharedPreferences(ContextImpl.java:609)
E/AndroidRuntime( 5993): 	at android.content.ContextWrapper.getSharedPreferences(ContextWrapper.java:223)
E/AndroidRuntime( 5993): 	at com.flux.flutter_boot_receiver.a.f(SourceFile:9)
E/AndroidRuntime( 5993): 	at com.flux.flutter_boot_receiver.BootHandlerService.onCreate(SourceFile:22)
E/AndroidRuntime( 5993): 	at android.app.ActivityThread.handleCreateService(ActivityThread.java:5357)
E/AndroidRuntime( 5993): 	... 9 more
