INSTRUMENTATION_STATUS: class=com.aurora.music.data.ProcessingPresetDeviceTest
INSTRUMENTATION_STATUS: current=1
INSTRUMENTATION_STATUS: id=AndroidJUnitRunner
INSTRUMENTATION_STATUS: numtests=21
INSTRUMENTATION_STATUS: stream=
com.aurora.music.data.ProcessingPresetDeviceTest:
INSTRUMENTATION_STATUS: test=convolutionSnapshotsSurviveReplacementAndRejectMissingAssetsWithoutWrites
INSTRUMENTATION_STATUS_CODE: 1
INSTRUMENTATION_STATUS: class=com.aurora.music.data.ProcessingPresetDeviceTest
INSTRUMENTATION_STATUS: current=1
INSTRUMENTATION_STATUS: id=AndroidJUnitRunner
INSTRUMENTATION_STATUS: numtests=21
INSTRUMENTATION_STATUS: stream=.
INSTRUMENTATION_STATUS: test=convolutionSnapshotsSurviveReplacementAndRejectMissingAssetsWithoutWrites
INSTRUMENTATION_STATUS_CODE: 0
INSTRUMENTATION_STATUS: class=com.aurora.music.data.ProcessingPresetDeviceTest
INSTRUMENTATION_STATUS: current=2
INSTRUMENTATION_STATUS: id=AndroidJUnitRunner
INSTRUMENTATION_STATUS: numtests=21
INSTRUMENTATION_STATUS: stream=
INSTRUMENTATION_STATUS: test=presetsRoundTripCompleteAudioAndPreserveOtherPreferences
INSTRUMENTATION_STATUS_CODE: 1
INSTRUMENTATION_STATUS: class=com.aurora.music.data.ProcessingPresetDeviceTest
INSTRUMENTATION_STATUS: current=2
INSTRUMENTATION_STATUS: id=AndroidJUnitRunner
INSTRUMENTATION_STATUS: numtests=21
INSTRUMENTATION_STATUS: stream=.
INSTRUMENTATION_STATUS: test=presetsRoundTripCompleteAudioAndPreserveOtherPreferences
INSTRUMENTATION_STATUS_CODE: 0
INSTRUMENTATION_STATUS: class=com.aurora.music.data.ProcessingPresetBundleDeviceTest
INSTRUMENTATION_STATUS: current=3
INSTRUMENTATION_STATUS: id=AndroidJUnitRunner
INSTRUMENTATION_STATUS: numtests=21
INSTRUMENTATION_STATUS: stream=
com.aurora.music.data.ProcessingPresetBundleDeviceTest:
INSTRUMENTATION_STATUS: test=portableIrRestoresAfterOriginalFilesAreRemovedWithoutApplying
INSTRUMENTATION_STATUS_CODE: 1
INSTRUMENTATION_STATUS: class=com.aurora.music.data.ProcessingPresetBundleDeviceTest
INSTRUMENTATION_STATUS: current=3
INSTRUMENTATION_STATUS: id=AndroidJUnitRunner
INSTRUMENTATION_STATUS: numtests=21
INSTRUMENTATION_STATUS: stream=.
INSTRUMENTATION_STATUS: test=portableIrRestoresAfterOriginalFilesAreRemovedWithoutApplying
INSTRUMENTATION_STATUS_CODE: 0
INSTRUMENTATION_STATUS: class=com.aurora.music.data.ProcessingPresetBundleDeviceTest
INSTRUMENTATION_STATUS: current=4
INSTRUMENTATION_STATUS: id=AndroidJUnitRunner
INSTRUMENTATION_STATUS: numtests=21
INSTRUMENTATION_STATUS: stream=
INSTRUMENTATION_STATUS: test=invalidDependenciesAndTraversalNeverChangeStoredPreferences
INSTRUMENTATION_STATUS_CODE: 1
INSTRUMENTATION_STATUS: class=com.aurora.music.data.ProcessingPresetBundleDeviceTest
INSTRUMENTATION_STATUS: current=4
INSTRUMENTATION_STATUS: id=AndroidJUnitRunner
INSTRUMENTATION_STATUS: numtests=21
INSTRUMENTATION_STATUS: stream=.
INSTRUMENTATION_STATUS: test=invalidDependenciesAndTraversalNeverChangeStoredPreferences
INSTRUMENTATION_STATUS_CODE: 0
INSTRUMENTATION_STATUS: class=com.aurora.music.playback.PcmMeasurementDeviceTest
INSTRUMENTATION_STATUS: current=5
INSTRUMENTATION_STATUS: id=AndroidJUnitRunner
INSTRUMENTATION_STATUS: numtests=21
INSTRUMENTATION_STATUS: stream=
com.aurora.music.playback.PcmMeasurementDeviceTest:
INSTRUMENTATION_STATUS: test=sinkRetriesCountOnlyConsumedFramesAndLeavePcmUntouched
INSTRUMENTATION_STATUS_CODE: 1
INSTRUMENTATION_STATUS: class=com.aurora.music.playback.PcmMeasurementDeviceTest
INSTRUMENTATION_STATUS: current=5
INSTRUMENTATION_STATUS: id=AndroidJUnitRunner
INSTRUMENTATION_STATUS: numtests=21
INSTRUMENTATION_STATUS: stream=.
INSTRUMENTATION_STATUS: test=sinkRetriesCountOnlyConsumedFramesAndLeavePcmUntouched
INSTRUMENTATION_STATUS_CODE: 0
INSTRUMENTATION_STATUS: class=com.aurora.music.playback.PcmMeasurementDeviceTest
INSTRUMENTATION_STATUS: current=6
INSTRUMENTATION_STATUS: id=AndroidJUnitRunner
INSTRUMENTATION_STATUS: numtests=21
INSTRUMENTATION_STATUS: stream=
INSTRUMENTATION_STATUS: test=liveSignalPathMeasuresCustomPreampAttenuation
INSTRUMENTATION_STATUS_CODE: 1
INSTRUMENTATION_STATUS: class=com.aurora.music.playback.PcmMeasurementDeviceTest
INSTRUMENTATION_STATUS: current=6
INSTRUMENTATION_STATUS: id=AndroidJUnitRunner
INSTRUMENTATION_STATUS: numtests=21
INSTRUMENTATION_STATUS: stream=.
INSTRUMENTATION_STATUS: test=liveSignalPathMeasuresCustomPreampAttenuation
INSTRUMENTATION_STATUS_CODE: 0
INSTRUMENTATION_STATUS: class=com.aurora.music.playback.MeterFormatTransitionDeviceTest
INSTRUMENTATION_STATUS: current=7
INSTRUMENTATION_STATUS: id=AndroidJUnitRunner
INSTRUMENTATION_STATUS: numtests=21
INSTRUMENTATION_STATUS: stream=
com.aurora.music.playback.MeterFormatTransitionDeviceTest:
INSTRUMENTATION_STATUS: test=pendingFormatDoesNotChangeTheMeterUntilFlushActivatesIt
INSTRUMENTATION_STATUS_CODE: 1
INSTRUMENTATION_STATUS: class=com.aurora.music.playback.MeterFormatTransitionDeviceTest
INSTRUMENTATION_STATUS: current=7
INSTRUMENTATION_STATUS: id=AndroidJUnitRunner
INSTRUMENTATION_STATUS: numtests=21
INSTRUMENTATION_STATUS: stream=.
INSTRUMENTATION_STATUS: test=pendingFormatDoesNotChangeTheMeterUntilFlushActivatesIt
INSTRUMENTATION_STATUS_CODE: 0
INSTRUMENTATION_STATUS: class=com.aurora.music.playback.MeterFormatTransitionDeviceTest
INSTRUMENTATION_STATUS: current=8
INSTRUMENTATION_STATUS: id=AndroidJUnitRunner
INSTRUMENTATION_STATUS: numtests=21
INSTRUMENTATION_STATUS: stream=
INSTRUMENTATION_STATUS: test=sharedEmptyBufferIsSafeBeforeAudioAndDuringDrain
INSTRUMENTATION_STATUS_CODE: 1
INSTRUMENTATION_STATUS: class=com.aurora.music.playback.MeterFormatTransitionDeviceTest
INSTRUMENTATION_STATUS: current=8
INSTRUMENTATION_STATUS: id=AndroidJUnitRunner
INSTRUMENTATION_STATUS: numtests=21
INSTRUMENTATION_STATUS: stream=.
INSTRUMENTATION_STATUS: test=sharedEmptyBufferIsSafeBeforeAudioAndDuringDrain
INSTRUMENTATION_STATUS_CODE: 0
INSTRUMENTATION_STATUS: class=com.aurora.music.playback.ProcessingPresetPlaybackDeviceTest
INSTRUMENTATION_STATUS: current=9
INSTRUMENTATION_STATUS: id=AndroidJUnitRunner
INSTRUMENTATION_STATUS: numtests=21
INSTRUMENTATION_STATUS: stream=
com.aurora.music.playback.ProcessingPresetPlaybackDeviceTest:
INSTRUMENTATION_STATUS: test=applyingSavedProcessingReachesThePlayingAndPausedService
INSTRUMENTATION_STATUS_CODE: 1
INSTRUMENTATION_STATUS: class=com.aurora.music.playback.ProcessingPresetPlaybackDeviceTest
INSTRUMENTATION_STATUS: current=9
INSTRUMENTATION_STATUS: id=AndroidJUnitRunner
INSTRUMENTATION_STATUS: numtests=21
INSTRUMENTATION_STATUS: stream=.
INSTRUMENTATION_STATUS: test=applyingSavedProcessingReachesThePlayingAndPausedService
INSTRUMENTATION_STATUS_CODE: 0
INSTRUMENTATION_STATUS: class=com.aurora.music.playback.R0PlaybackDeviceTest
INSTRUMENTATION_STATUS: current=10
INSTRUMENTATION_STATUS: id=AndroidJUnitRunner
INSTRUMENTATION_STATUS: numtests=21
INSTRUMENTATION_STATUS: stream=
com.aurora.music.playback.R0PlaybackDeviceTest:
INSTRUMENTATION_STATUS: test=serviceBrowseTransportAndSignalPathFollowActualPlayback
INSTRUMENTATION_STATUS_CODE: 1
INSTRUMENTATION_STATUS: class=com.aurora.music.playback.R0PlaybackDeviceTest
INSTRUMENTATION_STATUS: current=10
INSTRUMENTATION_STATUS: id=AndroidJUnitRunner
INSTRUMENTATION_STATUS: numtests=21
INSTRUMENTATION_STATUS: stack=java.lang.AssertionError: expected:<MODIFIED> but was:<UNKNOWN>
	at org.junit.Assert.fail(Assert.java:89)
	at org.junit.Assert.failNotEquals(Assert.java:835)
	at org.junit.Assert.assertEquals(Assert.java:120)
	at org.junit.Assert.assertEquals(Assert.java:146)
	at com.aurora.music.playback.R0PlaybackDeviceTest.serviceBrowseTransportAndSignalPathFollowActualPlayback(R0PlaybackDeviceTest.kt:109)

INSTRUMENTATION_STATUS: stream=
Error in serviceBrowseTransportAndSignalPathFollowActualPlayback(com.aurora.music.playback.R0PlaybackDeviceTest):
java.lang.AssertionError: expected:<MODIFIED> but was:<UNKNOWN>
	at org.junit.Assert.fail(Assert.java:89)
	at org.junit.Assert.failNotEquals(Assert.java:835)
	at org.junit.Assert.assertEquals(Assert.java:120)
	at org.junit.Assert.assertEquals(Assert.java:146)
	at com.aurora.music.playback.R0PlaybackDeviceTest.serviceBrowseTransportAndSignalPathFollowActualPlayback(R0PlaybackDeviceTest.kt:109)

INSTRUMENTATION_STATUS: test=serviceBrowseTransportAndSignalPathFollowActualPlayback
INSTRUMENTATION_STATUS_CODE: -2
INSTRUMENTATION_STATUS: class=com.aurora.music.mix.MixPlaybackDeviceTest
INSTRUMENTATION_STATUS: current=11
INSTRUMENTATION_STATUS: id=AndroidJUnitRunner
INSTRUMENTATION_STATUS: numtests=21
INSTRUMENTATION_STATUS: stream=
com.aurora.music.mix.MixPlaybackDeviceTest:
INSTRUMENTATION_STATUS: test=testWholeCollectionUsesBoundedDecksAndSeeksToTheLastTrack
INSTRUMENTATION_STATUS_CODE: 1
INSTRUMENTATION_STATUS: class=com.aurora.music.mix.MixPlaybackDeviceTest
INSTRUMENTATION_STATUS: current=11
INSTRUMENTATION_STATUS: id=AndroidJUnitRunner
INSTRUMENTATION_STATUS: numtests=21
INSTRUMENTATION_STATUS: stream=.
INSTRUMENTATION_STATUS: test=testWholeCollectionUsesBoundedDecksAndSeeksToTheLastTrack
INSTRUMENTATION_STATUS_CODE: 0
INSTRUMENTATION_STATUS: class=com.aurora.music.mix.MixPlaybackDeviceTest
INSTRUMENTATION_STATUS: current=12
INSTRUMENTATION_STATUS: id=AndroidJUnitRunner
INSTRUMENTATION_STATUS: numtests=21
INSTRUMENTATION_STATUS: stream=
INSTRUMENTATION_STATUS: test=testSavedMixRoundTripAndAccountIsolation
INSTRUMENTATION_STATUS_CODE: 1
INSTRUMENTATION_STATUS: class=com.aurora.music.mix.MixPlaybackDeviceTest
INSTRUMENTATION_STATUS: current=12
INSTRUMENTATION_STATUS: id=AndroidJUnitRunner
INSTRUMENTATION_STATUS: numtests=21
INSTRUMENTATION_STATUS: stream=.
INSTRUMENTATION_STATUS: test=testSavedMixRoundTripAndAccountIsolation
INSTRUMENTATION_STATUS_CODE: 0
INSTRUMENTATION_STATUS: class=com.aurora.music.mix.MixPlaybackDeviceTest
INSTRUMENTATION_STATUS: current=13
INSTRUMENTATION_STATUS: id=AndroidJUnitRunner
INSTRUMENTATION_STATUS: numtests=21
INSTRUMENTATION_STATUS: stream=
INSTRUMENTATION_STATUS: test=testSonicDiscoveryScansStreamsAndSharesMixAnalysisAcrossReopens
INSTRUMENTATION_STATUS_CODE: 1
INSTRUMENTATION_STATUS: class=com.aurora.music.mix.MixPlaybackDeviceTest
INSTRUMENTATION_STATUS: current=13
INSTRUMENTATION_STATUS: id=AndroidJUnitRunner
INSTRUMENTATION_STATUS: numtests=21
INSTRUMENTATION_STATUS: stream=.
INSTRUMENTATION_STATUS: test=testSonicDiscoveryScansStreamsAndSharesMixAnalysisAcrossReopens
INSTRUMENTATION_STATUS_CODE: 0
INSTRUMENTATION_STATUS: class=com.aurora.music.mix.MixPlaybackDeviceTest
INSTRUMENTATION_STATUS: current=14
INSTRUMENTATION_STATUS: id=AndroidJUnitRunner
INSTRUMENTATION_STATUS: numtests=21
INSTRUMENTATION_STATUS: stream=
INSTRUMENTATION_STATUS: test=testNeuralVocalSeparationProducesPlayableComplementaryStems
INSTRUMENTATION_STATUS_CODE: 1
INSTRUMENTATION_STATUS: stemElapsedMs=44353
INSTRUMENTATION_STATUS: stemFrames=529200
INSTRUMENTATION_STATUS_CODE: 2
INSTRUMENTATION_STATUS: class=com.aurora.music.mix.MixPlaybackDeviceTest
INSTRUMENTATION_STATUS: current=14
INSTRUMENTATION_STATUS: id=AndroidJUnitRunner
INSTRUMENTATION_STATUS: numtests=21
INSTRUMENTATION_STATUS: stream=.
INSTRUMENTATION_STATUS: test=testNeuralVocalSeparationProducesPlayableComplementaryStems
INSTRUMENTATION_STATUS_CODE: 0
INSTRUMENTATION_STATUS: class=com.aurora.music.mix.MixPlaybackDeviceTest
INSTRUMENTATION_STATUS: current=15
INSTRUMENTATION_STATUS: id=AndroidJUnitRunner
INSTRUMENTATION_STATUS: numtests=21
INSTRUMENTATION_STATUS: stream=
INSTRUMENTATION_STATUS: test=testCollectionMixUsesNormalPlayerTracksAndControls
INSTRUMENTATION_STATUS_CODE: 1
INSTRUMENTATION_STATUS: class=com.aurora.music.mix.MixPlaybackDeviceTest
INSTRUMENTATION_STATUS: current=15
INSTRUMENTATION_STATUS: id=AndroidJUnitRunner
INSTRUMENTATION_STATUS: numtests=21
INSTRUMENTATION_STATUS: stream=.
INSTRUMENTATION_STATUS: test=testCollectionMixUsesNormalPlayerTracksAndControls
INSTRUMENTATION_STATUS_CODE: 0
INSTRUMENTATION_STATUS: class=com.aurora.music.mix.MixPlaybackDeviceTest
INSTRUMENTATION_STATUS: current=16
INSTRUMENTATION_STATUS: id=AndroidJUnitRunner
INSTRUMENTATION_STATUS: numtests=21
INSTRUMENTATION_STATUS: stream=
INSTRUMENTATION_STATUS: test=testMixSessionTransportReturnsToNormalPlayback
INSTRUMENTATION_STATUS_CODE: 1
INSTRUMENTATION_STATUS: class=com.aurora.music.mix.MixPlaybackDeviceTest
INSTRUMENTATION_STATUS: current=16
INSTRUMENTATION_STATUS: id=AndroidJUnitRunner
INSTRUMENTATION_STATUS: numtests=21
INSTRUMENTATION_STATUS: stream=.
INSTRUMENTATION_STATUS: test=testMixSessionTransportReturnsToNormalPlayback
INSTRUMENTATION_STATUS_CODE: 0
INSTRUMENTATION_STATUS: class=com.aurora.music.mix.MixPlaybackDeviceTest
INSTRUMENTATION_STATUS: current=17
INSTRUMENTATION_STATUS: id=AndroidJUnitRunner
INSTRUMENTATION_STATUS: numtests=21
INSTRUMENTATION_STATUS: stream=
INSTRUMENTATION_STATUS: test=testServiceCrossfadePausesAndKeepsQueue
INSTRUMENTATION_STATUS_CODE: 1
INSTRUMENTATION_STATUS: class=com.aurora.music.mix.MixPlaybackDeviceTest
INSTRUMENTATION_STATUS: current=17
INSTRUMENTATION_STATUS: id=AndroidJUnitRunner
INSTRUMENTATION_STATUS: numtests=21
INSTRUMENTATION_STATUS: stream=.
INSTRUMENTATION_STATUS: test=testServiceCrossfadePausesAndKeepsQueue
INSTRUMENTATION_STATUS_CODE: 0
INSTRUMENTATION_STATUS: class=com.aurora.music.mix.MixPlaybackDeviceTest
INSTRUMENTATION_STATUS: current=18
INSTRUMENTATION_STATUS: id=AndroidJUnitRunner
INSTRUMENTATION_STATUS: numtests=21
INSTRUMENTATION_STATUS: stream=
INSTRUMENTATION_STATUS: test=testBadSourceStopsAllDecksWithAnError
INSTRUMENTATION_STATUS_CODE: 1
INSTRUMENTATION_STATUS: class=com.aurora.music.mix.MixPlaybackDeviceTest
INSTRUMENTATION_STATUS: current=18
INSTRUMENTATION_STATUS: id=AndroidJUnitRunner
INSTRUMENTATION_STATUS: numtests=21
INSTRUMENTATION_STATUS: stream=.
INSTRUMENTATION_STATUS: test=testBadSourceStopsAllDecksWithAnError
INSTRUMENTATION_STATUS_CODE: 0
INSTRUMENTATION_STATUS: class=com.aurora.music.mix.MixPlaybackDeviceTest
INSTRUMENTATION_STATUS: current=19
INSTRUMENTATION_STATUS: id=AndroidJUnitRunner
INSTRUMENTATION_STATUS: numtests=21
INSTRUMENTATION_STATUS: stream=
INSTRUMENTATION_STATUS: test=testEightSimultaneousDecksStayBounded
INSTRUMENTATION_STATUS_CODE: 1
INSTRUMENTATION_STATUS: class=com.aurora.music.mix.MixPlaybackDeviceTest
INSTRUMENTATION_STATUS: current=19
INSTRUMENTATION_STATUS: id=AndroidJUnitRunner
INSTRUMENTATION_STATUS: numtests=21
INSTRUMENTATION_STATUS: stream=.
INSTRUMENTATION_STATUS: test=testEightSimultaneousDecksStayBounded
INSTRUMENTATION_STATUS_CODE: 0
INSTRUMENTATION_STATUS: class=com.aurora.music.mix.MixPlaybackDeviceTest
INSTRUMENTATION_STATUS: current=20
INSTRUMENTATION_STATUS: id=AndroidJUnitRunner
INSTRUMENTATION_STATUS: numtests=21
INSTRUMENTATION_STATUS: stream=
INSTRUMENTATION_STATUS: test=testThreeDeckPlaybackPauseSeekAndLiveControls
INSTRUMENTATION_STATUS_CODE: 1
INSTRUMENTATION_STATUS: class=com.aurora.music.mix.MixPlaybackDeviceTest
INSTRUMENTATION_STATUS: current=20
INSTRUMENTATION_STATUS: id=AndroidJUnitRunner
INSTRUMENTATION_STATUS: numtests=21
INSTRUMENTATION_STATUS: stream=.
INSTRUMENTATION_STATUS: test=testThreeDeckPlaybackPauseSeekAndLiveControls
INSTRUMENTATION_STATUS_CODE: 0
INSTRUMENTATION_STATUS: class=com.aurora.music.mix.MixPlaybackDeviceTest
INSTRUMENTATION_STATUS: current=21
INSTRUMENTATION_STATUS: id=AndroidJUnitRunner
INSTRUMENTATION_STATUS: numtests=21
INSTRUMENTATION_STATUS: stream=
INSTRUMENTATION_STATUS: test=testRemoteBufferingFreezesAllTracksAndAnalysisNeedsNoDownload
INSTRUMENTATION_STATUS_CODE: 1
INSTRUMENTATION_STATUS: class=com.aurora.music.mix.MixPlaybackDeviceTest
INSTRUMENTATION_STATUS: current=21
INSTRUMENTATION_STATUS: id=AndroidJUnitRunner
INSTRUMENTATION_STATUS: numtests=21
INSTRUMENTATION_STATUS: stream=.
INSTRUMENTATION_STATUS: test=testRemoteBufferingFreezesAllTracksAndAnalysisNeedsNoDownload
INSTRUMENTATION_STATUS_CODE: 0
INSTRUMENTATION_RESULT: stream=

Time: 92.813
There was 1 failure:
1) serviceBrowseTransportAndSignalPathFollowActualPlayback(com.aurora.music.playback.R0PlaybackDeviceTest)
java.lang.AssertionError: expected:<MODIFIED> but was:<UNKNOWN>
	at org.junit.Assert.fail(Assert.java:89)
	at org.junit.Assert.failNotEquals(Assert.java:835)
	at org.junit.Assert.assertEquals(Assert.java:120)
	at org.junit.Assert.assertEquals(Assert.java:146)
	at com.aurora.music.playback.R0PlaybackDeviceTest.serviceBrowseTransportAndSignalPathFollowActualPlayback(R0PlaybackDeviceTest.kt:109)

FAILURES!!!
Tests run: 21,  Failures: 1


INSTRUMENTATION_CODE: -1
