Starting a Gradle Daemon, 1 incompatible and 1 stopped Daemons could not be reused, use --status for details
> Task :app:checkKotlinGradlePluginConfigurationErrors SKIPPED
> Task :decent-usb-audio-driver:preBuild UP-TO-DATE
> Task :decent-usb-audio-wrapper-media3:preBuild UP-TO-DATE
> Task :app:preBuild UP-TO-DATE
> Task :decent-usb-audio-wrapper-media3:preDebugBuild UP-TO-DATE
> Task :app:preDebugBuild UP-TO-DATE
> Task :decent-usb-audio-driver:preDebugBuild UP-TO-DATE
> Task :app:generateDebugResValues UP-TO-DATE
> Task :decent-usb-audio-wrapper-media3:writeDebugAarMetadata UP-TO-DATE
> Task :decent-usb-audio-driver:writeDebugAarMetadata UP-TO-DATE
> Task :decent-usb-audio-wrapper-media3:generateDebugResValues UP-TO-DATE
> Task :decent-usb-audio-driver:generateDebugResValues UP-TO-DATE
> Task :decent-usb-audio-wrapper-media3:generateDebugResources UP-TO-DATE
> Task :decent-usb-audio-driver:generateDebugResources UP-TO-DATE
> Task :decent-usb-audio-wrapper-media3:packageDebugResources UP-TO-DATE
> Task :decent-usb-audio-driver:packageDebugResources UP-TO-DATE
> Task :decent-usb-audio-driver:extractDeepLinksDebug UP-TO-DATE
> Task :decent-usb-audio-wrapper-media3:extractDeepLinksDebug UP-TO-DATE
> Task :decent-usb-audio-wrapper-media3:processDebugManifest UP-TO-DATE
> Task :decent-usb-audio-driver:processDebugManifest UP-TO-DATE
> Task :decent-usb-audio-wrapper-media3:compileDebugLibraryResources UP-TO-DATE
> Task :decent-usb-audio-driver:compileDebugLibraryResources UP-TO-DATE
> Task :decent-usb-audio-wrapper-media3:parseDebugLocalResources UP-TO-DATE
> Task :decent-usb-audio-driver:parseDebugLocalResources UP-TO-DATE
> Task :decent-usb-audio-wrapper-media3:generateDebugRFile UP-TO-DATE
> Task :decent-usb-audio-wrapper-media3:checkKotlinGradlePluginConfigurationErrors SKIPPED
> Task :decent-usb-audio-driver:generateDebugRFile UP-TO-DATE
> Task :decent-usb-audio-driver:checkKotlinGradlePluginConfigurationErrors SKIPPED
> Task :decent-usb-audio-wrapper-media3:javaPreCompileDebug UP-TO-DATE
> Task :decent-usb-audio-driver:compileDebugKotlin UP-TO-DATE
> Task :decent-usb-audio-driver:javaPreCompileDebug UP-TO-DATE
> Task :decent-usb-audio-driver:compileDebugJavaWithJavac NO-SOURCE
> Task :decent-usb-audio-driver:bundleLibCompileToJarDebug UP-TO-DATE
> Task :decent-usb-audio-wrapper-media3:compileDebugKotlin UP-TO-DATE
> Task :decent-usb-audio-wrapper-media3:compileDebugJavaWithJavac NO-SOURCE
> Task :decent-usb-audio-wrapper-media3:bundleLibCompileToJarDebug UP-TO-DATE
> Task :app:checkDebugAarMetadata UP-TO-DATE
> Task :app:mapDebugSourceSetPaths UP-TO-DATE
> Task :app:generateDebugResources UP-TO-DATE
> Task :app:mergeDebugResources UP-TO-DATE
> Task :app:packageDebugResources UP-TO-DATE
> Task :app:parseDebugLocalResources UP-TO-DATE
> Task :app:createDebugCompatibleScreenManifests UP-TO-DATE
> Task :app:extractDeepLinksDebug UP-TO-DATE
> Task :app:processDebugMainManifest UP-TO-DATE
> Task :app:processDebugManifest UP-TO-DATE
> Task :app:processDebugManifestForPackage UP-TO-DATE
> Task :app:processDebugResources UP-TO-DATE

> Task :app:compileDebugKotlin
w: file:///C:/Users/mw/Documents/projects/apps/projects/android_ui/app/src/main/java/com/aurora/music/ui/screens/settings/SettingsScreen.kt:133:57 'val Icons.Filled.MergeType: ImageVector' is deprecated. Use the AutoMirrored version at Icons.AutoMirrored.Filled.MergeType.
w: file:///C:/Users/mw/Documents/projects/apps/projects/android_ui/app/src/main/java/com/aurora/music/ui/screens/settings/SettingsScreen.kt:150:57 'val Icons.Filled.VolumeUp: ImageVector' is deprecated. Use the AutoMirrored version at Icons.AutoMirrored.Filled.VolumeUp.

BUILD SUCCESSFUL in 29s
38 actionable tasks: 1 executed, 37 up-to-date
