INSTRUMENTATION_STATUS: class=com.aurora.music.mix.MixPlaybackDeviceTest
INSTRUMENTATION_STATUS: current=1
INSTRUMENTATION_STATUS: id=AndroidJUnitRunner
INSTRUMENTATION_STATUS: numtests=9
INSTRUMENTATION_STATUS: stream=
com.aurora.music.mix.MixPlaybackDeviceTest:
INSTRUMENTATION_STATUS: test=testWholeCollectionUsesBoundedDecksAndSeeksToTheLastTrack
INSTRUMENTATION_STATUS_CODE: 1
INSTRUMENTATION_STATUS: class=com.aurora.music.mix.MixPlaybackDeviceTest
INSTRUMENTATION_STATUS: current=1
INSTRUMENTATION_STATUS: id=AndroidJUnitRunner
INSTRUMENTATION_STATUS: numtests=9
INSTRUMENTATION_STATUS: stack=java.lang.AssertionError: Timed out: collection starts
	at org.junit.Assert.fail(Assert.java:89)
	at com.aurora.music.mix.MixPlaybackDeviceTest.await(MixPlaybackDeviceTest.kt:39)
	at com.aurora.music.mix.MixPlaybackDeviceTest.await$default(MixPlaybackDeviceTest.kt:36)
	at com.aurora.music.mix.MixPlaybackDeviceTest.testWholeCollectionUsesBoundedDecksAndSeeksToTheLastTrack(MixPlaybackDeviceTest.kt:103)

INSTRUMENTATION_STATUS: stream=
Error in testWholeCollectionUsesBoundedDecksAndSeeksToTheLastTrack(com.aurora.music.mix.MixPlaybackDeviceTest):
java.lang.AssertionError: Timed out: collection starts
	at org.junit.Assert.fail(Assert.java:89)
	at com.aurora.music.mix.MixPlaybackDeviceTest.await(MixPlaybackDeviceTest.kt:39)
	at com.aurora.music.mix.MixPlaybackDeviceTest.await$default(MixPlaybackDeviceTest.kt:36)
	at com.aurora.music.mix.MixPlaybackDeviceTest.testWholeCollectionUsesBoundedDecksAndSeeksToTheLastTrack(MixPlaybackDeviceTest.kt:103)

INSTRUMENTATION_STATUS: test=testWholeCollectionUsesBoundedDecksAndSeeksToTheLastTrack
INSTRUMENTATION_STATUS_CODE: -2
INSTRUMENTATION_STATUS: class=com.aurora.music.mix.MixPlaybackDeviceTest
INSTRUMENTATION_STATUS: current=2
INSTRUMENTATION_STATUS: id=AndroidJUnitRunner
INSTRUMENTATION_STATUS: numtests=9
INSTRUMENTATION_STATUS: stream=
INSTRUMENTATION_STATUS: test=testSavedMixRoundTripAndAccountIsolation
INSTRUMENTATION_STATUS_CODE: 1
INSTRUMENTATION_STATUS: class=com.aurora.music.mix.MixPlaybackDeviceTest
INSTRUMENTATION_STATUS: current=2
INSTRUMENTATION_STATUS: id=AndroidJUnitRunner
INSTRUMENTATION_STATUS: numtests=9
INSTRUMENTATION_STATUS: stream=.
INSTRUMENTATION_STATUS: test=testSavedMixRoundTripAndAccountIsolation
INSTRUMENTATION_STATUS_CODE: 0
INSTRUMENTATION_STATUS: class=com.aurora.music.mix.MixPlaybackDeviceTest
INSTRUMENTATION_STATUS: current=3
INSTRUMENTATION_STATUS: id=AndroidJUnitRunner
INSTRUMENTATION_STATUS: numtests=9
INSTRUMENTATION_STATUS: stream=
INSTRUMENTATION_STATUS: test=testCollectionMixUsesNormalPlayerTracksAndControls
INSTRUMENTATION_STATUS_CODE: 1
INSTRUMENTATION_STATUS: class=com.aurora.music.mix.MixPlaybackDeviceTest
INSTRUMENTATION_STATUS: current=3
INSTRUMENTATION_STATUS: id=AndroidJUnitRunner
INSTRUMENTATION_STATUS: numtests=9
INSTRUMENTATION_STATUS: stream=.
INSTRUMENTATION_STATUS: test=testCollectionMixUsesNormalPlayerTracksAndControls
INSTRUMENTATION_STATUS_CODE: 0
INSTRUMENTATION_STATUS: class=com.aurora.music.mix.MixPlaybackDeviceTest
INSTRUMENTATION_STATUS: current=4
INSTRUMENTATION_STATUS: id=AndroidJUnitRunner
INSTRUMENTATION_STATUS: numtests=9
INSTRUMENTATION_STATUS: stream=
INSTRUMENTATION_STATUS: test=testMixSessionTransportReturnsToNormalPlayback
INSTRUMENTATION_STATUS_CODE: 1
INSTRUMENTATION_STATUS: class=com.aurora.music.mix.MixPlaybackDeviceTest
INSTRUMENTATION_STATUS: current=4
INSTRUMENTATION_STATUS: id=AndroidJUnitRunner
INSTRUMENTATION_STATUS: numtests=9
INSTRUMENTATION_STATUS: stream=.
INSTRUMENTATION_STATUS: test=testMixSessionTransportReturnsToNormalPlayback
INSTRUMENTATION_STATUS_CODE: 0
INSTRUMENTATION_STATUS: class=com.aurora.music.mix.MixPlaybackDeviceTest
INSTRUMENTATION_STATUS: current=5
INSTRUMENTATION_STATUS: id=AndroidJUnitRunner
INSTRUMENTATION_STATUS: numtests=9
INSTRUMENTATION_STATUS: stream=
INSTRUMENTATION_STATUS: test=testServiceCrossfadePausesAndKeepsQueue
INSTRUMENTATION_STATUS_CODE: 1
INSTRUMENTATION_STATUS: class=com.aurora.music.mix.MixPlaybackDeviceTest
INSTRUMENTATION_STATUS: current=5
INSTRUMENTATION_STATUS: id=AndroidJUnitRunner
INSTRUMENTATION_STATUS: numtests=9
INSTRUMENTATION_STATUS: stream=.
INSTRUMENTATION_STATUS: test=testServiceCrossfadePausesAndKeepsQueue
INSTRUMENTATION_STATUS_CODE: 0
INSTRUMENTATION_STATUS: class=com.aurora.music.mix.MixPlaybackDeviceTest
INSTRUMENTATION_STATUS: current=6
INSTRUMENTATION_STATUS: id=AndroidJUnitRunner
INSTRUMENTATION_STATUS: numtests=9
INSTRUMENTATION_STATUS: stream=
INSTRUMENTATION_STATUS: test=testBadSourceStopsAllDecksWithAnError
INSTRUMENTATION_STATUS_CODE: 1
INSTRUMENTATION_STATUS: class=com.aurora.music.mix.MixPlaybackDeviceTest
INSTRUMENTATION_STATUS: current=6
INSTRUMENTATION_STATUS: id=AndroidJUnitRunner
INSTRUMENTATION_STATUS: numtests=9
INSTRUMENTATION_STATUS: stream=.
INSTRUMENTATION_STATUS: test=testBadSourceStopsAllDecksWithAnError
INSTRUMENTATION_STATUS_CODE: 0
INSTRUMENTATION_STATUS: class=com.aurora.music.mix.MixPlaybackDeviceTest
INSTRUMENTATION_STATUS: current=7
INSTRUMENTATION_STATUS: id=AndroidJUnitRunner
INSTRUMENTATION_STATUS: numtests=9
INSTRUMENTATION_STATUS: stream=
INSTRUMENTATION_STATUS: test=testEightSimultaneousDecksStayBounded
INSTRUMENTATION_STATUS_CODE: 1
INSTRUMENTATION_STATUS: class=com.aurora.music.mix.MixPlaybackDeviceTest
INSTRUMENTATION_STATUS: current=7
INSTRUMENTATION_STATUS: id=AndroidJUnitRunner
INSTRUMENTATION_STATUS: numtests=9
INSTRUMENTATION_STATUS: stack=java.lang.AssertionError: Timed out: eight decks
	at org.junit.Assert.fail(Assert.java:89)
	at com.aurora.music.mix.MixPlaybackDeviceTest.await(MixPlaybackDeviceTest.kt:39)
	at com.aurora.music.mix.MixPlaybackDeviceTest.testEightSimultaneousDecksStayBounded(MixPlaybackDeviceTest.kt:223)

INSTRUMENTATION_STATUS: stream=
Error in testEightSimultaneousDecksStayBounded(com.aurora.music.mix.MixPlaybackDeviceTest):
java.lang.AssertionError: Timed out: eight decks
	at org.junit.Assert.fail(Assert.java:89)
	at com.aurora.music.mix.MixPlaybackDeviceTest.await(MixPlaybackDeviceTest.kt:39)
	at com.aurora.music.mix.MixPlaybackDeviceTest.testEightSimultaneousDecksStayBounded(MixPlaybackDeviceTest.kt:223)

INSTRUMENTATION_STATUS: test=testEightSimultaneousDecksStayBounded
INSTRUMENTATION_STATUS_CODE: -2
INSTRUMENTATION_STATUS: class=com.aurora.music.mix.MixPlaybackDeviceTest
INSTRUMENTATION_STATUS: current=8
INSTRUMENTATION_STATUS: id=AndroidJUnitRunner
INSTRUMENTATION_STATUS: numtests=9
INSTRUMENTATION_STATUS: stream=
INSTRUMENTATION_STATUS: test=testThreeDeckPlaybackPauseSeekAndLiveControls
INSTRUMENTATION_STATUS_CODE: 1
INSTRUMENTATION_STATUS: class=com.aurora.music.mix.MixPlaybackDeviceTest
INSTRUMENTATION_STATUS: current=8
INSTRUMENTATION_STATUS: id=AndroidJUnitRunner
INSTRUMENTATION_STATUS: numtests=9
INSTRUMENTATION_STATUS: stack=java.lang.AssertionError: Timed out: three decks playing
	at org.junit.Assert.fail(Assert.java:89)
	at com.aurora.music.mix.MixPlaybackDeviceTest.await(MixPlaybackDeviceTest.kt:39)
	at com.aurora.music.mix.MixPlaybackDeviceTest.await$default(MixPlaybackDeviceTest.kt:36)
	at com.aurora.music.mix.MixPlaybackDeviceTest.testThreeDeckPlaybackPauseSeekAndLiveControls(MixPlaybackDeviceTest.kt:76)

INSTRUMENTATION_STATUS: stream=
Error in testThreeDeckPlaybackPauseSeekAndLiveControls(com.aurora.music.mix.MixPlaybackDeviceTest):
java.lang.AssertionError: Timed out: three decks playing
	at org.junit.Assert.fail(Assert.java:89)
	at com.aurora.music.mix.MixPlaybackDeviceTest.await(MixPlaybackDeviceTest.kt:39)
	at com.aurora.music.mix.MixPlaybackDeviceTest.await$default(MixPlaybackDeviceTest.kt:36)
	at com.aurora.music.mix.MixPlaybackDeviceTest.testThreeDeckPlaybackPauseSeekAndLiveControls(MixPlaybackDeviceTest.kt:76)

INSTRUMENTATION_STATUS: test=testThreeDeckPlaybackPauseSeekAndLiveControls
INSTRUMENTATION_STATUS_CODE: -2
INSTRUMENTATION_STATUS: class=com.aurora.music.mix.MixPlaybackDeviceTest
INSTRUMENTATION_STATUS: current=9
INSTRUMENTATION_STATUS: id=AndroidJUnitRunner
INSTRUMENTATION_STATUS: numtests=9
INSTRUMENTATION_STATUS: stream=
INSTRUMENTATION_STATUS: test=testRemoteBufferingFreezesAllTracksAndAnalysisNeedsNoDownload
INSTRUMENTATION_STATUS_CODE: 1
INSTRUMENTATION_STATUS: class=com.aurora.music.mix.MixPlaybackDeviceTest
INSTRUMENTATION_STATUS: current=9
INSTRUMENTATION_STATUS: id=AndroidJUnitRunner
INSTRUMENTATION_STATUS: numtests=9
INSTRUMENTATION_STATUS: stack=java.lang.AssertionError: Timed out: stream becomes ready
	at org.junit.Assert.fail(Assert.java:89)
	at com.aurora.music.mix.MixPlaybackDeviceTest.await(MixPlaybackDeviceTest.kt:39)
	at com.aurora.music.mix.MixPlaybackDeviceTest.testRemoteBufferingFreezesAllTracksAndAnalysisNeedsNoDownload(MixPlaybackDeviceTest.kt:205)

INSTRUMENTATION_STATUS: stream=
Error in testRemoteBufferingFreezesAllTracksAndAnalysisNeedsNoDownload(com.aurora.music.mix.MixPlaybackDeviceTest):
java.lang.AssertionError: Timed out: stream becomes ready
	at org.junit.Assert.fail(Assert.java:89)
	at com.aurora.music.mix.MixPlaybackDeviceTest.await(MixPlaybackDeviceTest.kt:39)
	at com.aurora.music.mix.MixPlaybackDeviceTest.testRemoteBufferingFreezesAllTracksAndAnalysisNeedsNoDownload(MixPlaybackDeviceTest.kt:205)

INSTRUMENTATION_STATUS: test=testRemoteBufferingFreezesAllTracksAndAnalysisNeedsNoDownload
INSTRUMENTATION_STATUS_CODE: -2
INSTRUMENTATION_RESULT: stream=

Time: 70.684
There were 4 failures:
1) testWholeCollectionUsesBoundedDecksAndSeeksToTheLastTrack(com.aurora.music.mix.MixPlaybackDeviceTest)
java.lang.AssertionError: Timed out: collection starts
	at org.junit.Assert.fail(Assert.java:89)
	at com.aurora.music.mix.MixPlaybackDeviceTest.await(MixPlaybackDeviceTest.kt:39)
	at com.aurora.music.mix.MixPlaybackDeviceTest.await$default(MixPlaybackDeviceTest.kt:36)
	at com.aurora.music.mix.MixPlaybackDeviceTest.testWholeCollectionUsesBoundedDecksAndSeeksToTheLastTrack(MixPlaybackDeviceTest.kt:103)
2) testEightSimultaneousDecksStayBounded(com.aurora.music.mix.MixPlaybackDeviceTest)
java.lang.AssertionError: Timed out: eight decks
	at org.junit.Assert.fail(Assert.java:89)
	at com.aurora.music.mix.MixPlaybackDeviceTest.await(MixPlaybackDeviceTest.kt:39)
	at com.aurora.music.mix.MixPlaybackDeviceTest.testEightSimultaneousDecksStayBounded(MixPlaybackDeviceTest.kt:223)
3) testThreeDeckPlaybackPauseSeekAndLiveControls(com.aurora.music.mix.MixPlaybackDeviceTest)
java.lang.AssertionError: Timed out: three decks playing
	at org.junit.Assert.fail(Assert.java:89)
	at com.aurora.music.mix.MixPlaybackDeviceTest.await(MixPlaybackDeviceTest.kt:39)
	at com.aurora.music.mix.MixPlaybackDeviceTest.await$default(MixPlaybackDeviceTest.kt:36)
	at com.aurora.music.mix.MixPlaybackDeviceTest.testThreeDeckPlaybackPauseSeekAndLiveControls(MixPlaybackDeviceTest.kt:76)
4) testRemoteBufferingFreezesAllTracksAndAnalysisNeedsNoDownload(com.aurora.music.mix.MixPlaybackDeviceTest)
java.lang.AssertionError: Timed out: stream becomes ready
	at org.junit.Assert.fail(Assert.java:89)
	at com.aurora.music.mix.MixPlaybackDeviceTest.await(MixPlaybackDeviceTest.kt:39)
	at com.aurora.music.mix.MixPlaybackDeviceTest.testRemoteBufferingFreezesAllTracksAndAnalysisNeedsNoDownload(MixPlaybackDeviceTest.kt:205)

FAILURES!!!
Tests run: 9,  Failures: 4


INSTRUMENTATION_CODE: -1
