INSTRUMENTATION_STATUS: class=com.aurora.music.playback.PrecisionPlaybackDeviceTest
INSTRUMENTATION_STATUS: current=1
INSTRUMENTATION_STATUS: id=AndroidJUnitRunner
INSTRUMENTATION_STATUS: numtests=5
INSTRUMENTATION_STATUS: stream=
com.aurora.music.playback.PrecisionPlaybackDeviceTest:
INSTRUMENTATION_STATUS: test=liveRackWetBypassAndDisableKeepQueueAndMeasuredGain
INSTRUMENTATION_STATUS_CODE: 1
INSTRUMENTATION_STATUS: class=com.aurora.music.playback.PrecisionPlaybackDeviceTest
INSTRUMENTATION_STATUS: current=1
INSTRUMENTATION_STATUS: id=AndroidJUnitRunner
INSTRUMENTATION_STATUS: numtests=5
INSTRUMENTATION_STATUS: stream=.
INSTRUMENTATION_STATUS: test=liveRackWetBypassAndDisableKeepQueueAndMeasuredGain
INSTRUMENTATION_STATUS_CODE: 0
INSTRUMENTATION_STATUS: class=com.aurora.music.playback.PrecisionPlaybackDeviceTest
INSTRUMENTATION_STATUS: current=2
INSTRUMENTATION_STATUS: id=AndroidJUnitRunner
INSTRUMENTATION_STATUS: numtests=5
INSTRUMENTATION_STATUS: stream=
INSTRUMENTATION_STATUS: test=crossfadeHandoffRetainsCustomAndConvolutionProcessingAndQueue
INSTRUMENTATION_STATUS_CODE: 1
INSTRUMENTATION_STATUS: class=com.aurora.music.playback.PrecisionPlaybackDeviceTest
INSTRUMENTATION_STATUS: current=2
INSTRUMENTATION_STATUS: id=AndroidJUnitRunner
INSTRUMENTATION_STATUS: numtests=5
INSTRUMENTATION_STATUS: stream=.
INSTRUMENTATION_STATUS: test=crossfadeHandoffRetainsCustomAndConvolutionProcessingAndQueue
INSTRUMENTATION_STATUS_CODE: 0
INSTRUMENTATION_STATUS: class=com.aurora.music.playback.PrecisionPlaybackDeviceTest
INSTRUMENTATION_STATUS: current=3
INSTRUMENTATION_STATUS: id=AndroidJUnitRunner
INSTRUMENTATION_STATUS: numtests=5
INSTRUMENTATION_STATUS: stream=
INSTRUMENTATION_STATUS: test=bothMixDecksProcessCustomEffectsAndConvolutionThroughSeekAndResume
INSTRUMENTATION_STATUS_CODE: 1
INSTRUMENTATION_STATUS: class=com.aurora.music.playback.PrecisionPlaybackDeviceTest
INSTRUMENTATION_STATUS: current=3
INSTRUMENTATION_STATUS: id=AndroidJUnitRunner
INSTRUMENTATION_STATUS: numtests=5
INSTRUMENTATION_STATUS: stream=.
INSTRUMENTATION_STATUS: test=bothMixDecksProcessCustomEffectsAndConvolutionThroughSeekAndResume
INSTRUMENTATION_STATUS_CODE: 0
INSTRUMENTATION_STATUS: class=com.aurora.music.playback.PrecisionPlaybackDeviceTest
INSTRUMENTATION_STATUS: current=4
INSTRUMENTATION_STATUS: id=AndroidJUnitRunner
INSTRUMENTATION_STATUS: numtests=5
INSTRUMENTATION_STATUS: stream=
INSTRUMENTATION_STATUS: test=precisionOutputKeepsSpeedAndFallsBackWhenSilenceSkippingIsEnabled
INSTRUMENTATION_STATUS_CODE: 1
INSTRUMENTATION_STATUS: class=com.aurora.music.playback.PrecisionPlaybackDeviceTest
INSTRUMENTATION_STATUS: current=4
INSTRUMENTATION_STATUS: id=AndroidJUnitRunner
INSTRUMENTATION_STATUS: numtests=5
INSTRUMENTATION_STATUS: stack=java.lang.AssertionError: Playback clock advances at requested speed
	at org.junit.Assert.fail(Assert.java:89)
	at org.junit.Assert.assertTrue(Assert.java:42)
	at com.aurora.music.playback.PrecisionPlaybackDeviceTest.precisionOutputKeepsSpeedAndFallsBackWhenSilenceSkippingIsEnabled$lambda$24(PrecisionPlaybackDeviceTest.kt:154)
	at com.aurora.music.playback.PrecisionPlaybackDeviceTest.$r8$lambda$IugskcDrRjOLmKfxgVwOpiaGimw(Unknown Source:0)
	at com.aurora.music.playback.PrecisionPlaybackDeviceTest$$ExternalSyntheticLambda55.invoke(D8$$SyntheticClass:0)
	at com.aurora.music.playback.PrecisionPlaybackDeviceTest.withProcessingFixture(PrecisionPlaybackDeviceTest.kt:347)
	at com.aurora.music.playback.PrecisionPlaybackDeviceTest.precisionOutputKeepsSpeedAndFallsBackWhenSilenceSkippingIsEnabled(PrecisionPlaybackDeviceTest.kt:143)

INSTRUMENTATION_STATUS: stream=
Error in precisionOutputKeepsSpeedAndFallsBackWhenSilenceSkippingIsEnabled(com.aurora.music.playback.PrecisionPlaybackDeviceTest):
java.lang.AssertionError: Playback clock advances at requested speed
	at org.junit.Assert.fail(Assert.java:89)
	at org.junit.Assert.assertTrue(Assert.java:42)
	at com.aurora.music.playback.PrecisionPlaybackDeviceTest.precisionOutputKeepsSpeedAndFallsBackWhenSilenceSkippingIsEnabled$lambda$24(PrecisionPlaybackDeviceTest.kt:154)
	at com.aurora.music.playback.PrecisionPlaybackDeviceTest.$r8$lambda$IugskcDrRjOLmKfxgVwOpiaGimw(Unknown Source:0)
	at com.aurora.music.playback.PrecisionPlaybackDeviceTest$$ExternalSyntheticLambda55.invoke(D8$$SyntheticClass:0)
	at com.aurora.music.playback.PrecisionPlaybackDeviceTest.withProcessingFixture(PrecisionPlaybackDeviceTest.kt:347)
	at com.aurora.music.playback.PrecisionPlaybackDeviceTest.precisionOutputKeepsSpeedAndFallsBackWhenSilenceSkippingIsEnabled(PrecisionPlaybackDeviceTest.kt:143)

INSTRUMENTATION_STATUS: test=precisionOutputKeepsSpeedAndFallsBackWhenSilenceSkippingIsEnabled
INSTRUMENTATION_STATUS_CODE: -2
INSTRUMENTATION_STATUS: class=com.aurora.music.playback.PrecisionPlaybackDeviceTest
INSTRUMENTATION_STATUS: current=5
INSTRUMENTATION_STATUS: id=AndroidJUnitRunner
INSTRUMENTATION_STATUS: numtests=5
INSTRUMENTATION_STATUS: stream=
INSTRUMENTATION_STATUS: test=liveConvolutionReplacementFormatChangeAndSeekKeepMeasuredStereoGain
INSTRUMENTATION_STATUS_CODE: 1
INSTRUMENTATION_STATUS: class=com.aurora.music.playback.PrecisionPlaybackDeviceTest
INSTRUMENTATION_STATUS: current=5
INSTRUMENTATION_STATUS: id=AndroidJUnitRunner
INSTRUMENTATION_STATUS: numtests=5
INSTRUMENTATION_STATUS: stream=.
INSTRUMENTATION_STATUS: test=liveConvolutionReplacementFormatChangeAndSeekKeepMeasuredStereoGain
INSTRUMENTATION_STATUS_CODE: 0
INSTRUMENTATION_RESULT: stream=

Time: 22.097
There was 1 failure:
1) precisionOutputKeepsSpeedAndFallsBackWhenSilenceSkippingIsEnabled(com.aurora.music.playback.PrecisionPlaybackDeviceTest)
java.lang.AssertionError: Playback clock advances at requested speed
	at org.junit.Assert.fail(Assert.java:89)
	at org.junit.Assert.assertTrue(Assert.java:42)
	at com.aurora.music.playback.PrecisionPlaybackDeviceTest.precisionOutputKeepsSpeedAndFallsBackWhenSilenceSkippingIsEnabled$lambda$24(PrecisionPlaybackDeviceTest.kt:154)
	at com.aurora.music.playback.PrecisionPlaybackDeviceTest.$r8$lambda$IugskcDrRjOLmKfxgVwOpiaGimw(Unknown Source:0)
	at com.aurora.music.playback.PrecisionPlaybackDeviceTest$$ExternalSyntheticLambda55.invoke(D8$$SyntheticClass:0)
	at com.aurora.music.playback.PrecisionPlaybackDeviceTest.withProcessingFixture(PrecisionPlaybackDeviceTest.kt:347)
	at com.aurora.music.playback.PrecisionPlaybackDeviceTest.precisionOutputKeepsSpeedAndFallsBackWhenSilenceSkippingIsEnabled(PrecisionPlaybackDeviceTest.kt:143)

FAILURES!!!
Tests run: 5,  Failures: 1


INSTRUMENTATION_CODE: -1
