Starting a Gradle Daemon (subsequent builds will be faster)
> Task :decent-usb-audio-wrapper-media3:preBuild UP-TO-DATE
> Task :decent-usb-audio-driver:preBuild UP-TO-DATE
> Task :app:checkKotlinGradlePluginConfigurationErrors SKIPPED
> Task :app:preBuild UP-TO-DATE
> Task :decent-usb-audio-driver:preReleaseBuild UP-TO-DATE
> Task :decent-usb-audio-wrapper-media3:preReleaseBuild UP-TO-DATE
> Task :app:preReleaseBuild UP-TO-DATE
> Task :decent-usb-audio-driver:writeReleaseAarMetadata UP-TO-DATE
> Task :app:generateReleaseResValues UP-TO-DATE
> Task :decent-usb-audio-wrapper-media3:writeReleaseAarMetadata UP-TO-DATE
> Task :decent-usb-audio-wrapper-media3:generateReleaseResValues UP-TO-DATE
> Task :decent-usb-audio-driver:generateReleaseResValues UP-TO-DATE
> Task :decent-usb-audio-wrapper-media3:generateReleaseResources UP-TO-DATE
> Task :decent-usb-audio-driver:generateReleaseResources UP-TO-DATE
> Task :decent-usb-audio-driver:packageReleaseResources UP-TO-DATE
> Task :decent-usb-audio-wrapper-media3:packageReleaseResources UP-TO-DATE
> Task :decent-usb-audio-wrapper-media3:extractDeepLinksRelease UP-TO-DATE
> Task :decent-usb-audio-driver:extractDeepLinksRelease UP-TO-DATE
> Task :decent-usb-audio-wrapper-media3:processReleaseManifest UP-TO-DATE
> Task :decent-usb-audio-driver:processReleaseManifest UP-TO-DATE
> Task :decent-usb-audio-wrapper-media3:compileReleaseLibraryResources UP-TO-DATE
> Task :decent-usb-audio-driver:compileReleaseLibraryResources UP-TO-DATE
> Task :decent-usb-audio-driver:parseReleaseLocalResources UP-TO-DATE
> Task :decent-usb-audio-wrapper-media3:parseReleaseLocalResources UP-TO-DATE
> Task :decent-usb-audio-wrapper-media3:generateReleaseRFile UP-TO-DATE
> Task :decent-usb-audio-driver:generateReleaseRFile UP-TO-DATE
> Task :decent-usb-audio-wrapper-media3:checkKotlinGradlePluginConfigurationErrors SKIPPED
> Task :decent-usb-audio-driver:checkKotlinGradlePluginConfigurationErrors SKIPPED
> Task :decent-usb-audio-wrapper-media3:javaPreCompileRelease UP-TO-DATE
> Task :decent-usb-audio-driver:compileReleaseKotlin UP-TO-DATE
> Task :decent-usb-audio-driver:javaPreCompileRelease UP-TO-DATE
> Task :decent-usb-audio-driver:compileReleaseJavaWithJavac NO-SOURCE
> Task :decent-usb-audio-driver:bundleLibCompileToJarRelease UP-TO-DATE
> Task :decent-usb-audio-wrapper-media3:compileReleaseKotlin UP-TO-DATE
> Task :decent-usb-audio-wrapper-media3:compileReleaseJavaWithJavac NO-SOURCE
> Task :decent-usb-audio-wrapper-media3:bundleLibCompileToJarRelease UP-TO-DATE
> Task :app:checkReleaseAarMetadata UP-TO-DATE
> Task :app:mapReleaseSourceSetPaths UP-TO-DATE
> Task :app:generateReleaseResources UP-TO-DATE
> Task :app:mergeReleaseResources UP-TO-DATE
> Task :app:packageReleaseResources UP-TO-DATE
> Task :app:parseReleaseLocalResources UP-TO-DATE
> Task :app:createReleaseCompatibleScreenManifests UP-TO-DATE
> Task :app:extractDeepLinksRelease UP-TO-DATE
> Task :app:processReleaseMainManifest UP-TO-DATE
> Task :app:processReleaseManifest UP-TO-DATE
> Task :app:processReleaseManifestForPackage UP-TO-DATE
> Task :app:processReleaseResources UP-TO-DATE

> Task :app:compileReleaseKotlin
w: file:///C:/Users/mw/Documents/projects/apps/projects/android_ui/app/src/main/java/com/aurora/music/ui/screens/player/MixScreen.kt:69:76 'val Icons.Filled.ArrowBack: ImageVector' is deprecated. Use the AutoMirrored version at Icons.AutoMirrored.Filled.ArrowBack.
w: file:///C:/Users/mw/Documents/projects/apps/projects/android_ui/app/src/main/java/com/aurora/music/ui/screens/player/MixScreen.kt:81:102 'val Icons.Filled.Undo: ImageVector' is deprecated. Use the AutoMirrored version at Icons.AutoMirrored.Filled.Undo.
w: file:///C:/Users/mw/Documents/projects/apps/projects/android_ui/app/src/main/java/com/aurora/music/ui/screens/player/MixScreen.kt:82:102 'val Icons.Filled.Redo: ImageVector' is deprecated. Use the AutoMirrored version at Icons.AutoMirrored.Filled.Redo.

BUILD SUCCESSFUL in 32s
38 actionable tasks: 1 executed, 37 up-to-date
