INSTRUMENTATION_STATUS: class=com.aurora.music.data.TuningProjectsDeviceTest
INSTRUMENTATION_STATUS: current=1
INSTRUMENTATION_STATUS: id=AndroidJUnitRunner
INSTRUMENTATION_STATUS: numtests=28
INSTRUMENTATION_STATUS: stream=
com.aurora.music.data.TuningProjectsDeviceTest:
INSTRUMENTATION_STATUS: test=applyingFitKeepsModeExistingNodesAndFinalLimiterAndStoresProject
INSTRUMENTATION_STATUS_CODE: 1
INSTRUMENTATION_STATUS: class=com.aurora.music.data.TuningProjectsDeviceTest
INSTRUMENTATION_STATUS: current=1
INSTRUMENTATION_STATUS: id=AndroidJUnitRunner
INSTRUMENTATION_STATUS: numtests=28
INSTRUMENTATION_STATUS: stream=.
INSTRUMENTATION_STATUS: test=applyingFitKeepsModeExistingNodesAndFinalLimiterAndStoresProject
INSTRUMENTATION_STATUS_CODE: 0
INSTRUMENTATION_STATUS: class=com.aurora.music.data.TuningProjectsDeviceTest
INSTRUMENTATION_STATUS: current=2
INSTRUMENTATION_STATUS: id=AndroidJUnitRunner
INSTRUMENTATION_STATUS: numtests=28
INSTRUMENTATION_STATUS: stream=
INSTRUMENTATION_STATUS: test=projectSaveRenamePortableRoundTripDeleteAndBackupKeepOriginalCurves
INSTRUMENTATION_STATUS_CODE: 1
INSTRUMENTATION_STATUS: class=com.aurora.music.data.TuningProjectsDeviceTest
INSTRUMENTATION_STATUS: current=2
INSTRUMENTATION_STATUS: id=AndroidJUnitRunner
INSTRUMENTATION_STATUS: numtests=28
INSTRUMENTATION_STATUS: stream=.
INSTRUMENTATION_STATUS: test=projectSaveRenamePortableRoundTripDeleteAndBackupKeepOriginalCurves
INSTRUMENTATION_STATUS_CODE: 0
INSTRUMENTATION_STATUS: class=com.aurora.music.data.TuningProjectsDeviceTest
INSTRUMENTATION_STATUS: current=3
INSTRUMENTATION_STATUS: id=AndroidJUnitRunner
INSTRUMENTATION_STATUS: numtests=28
INSTRUMENTATION_STATUS: stream=
INSTRUMENTATION_STATUS: test=rejectedFitAndMalformedBackupMakeNoPartialPreferenceChanges
INSTRUMENTATION_STATUS_CODE: 1
INSTRUMENTATION_STATUS: class=com.aurora.music.data.TuningProjectsDeviceTest
INSTRUMENTATION_STATUS: current=3
INSTRUMENTATION_STATUS: id=AndroidJUnitRunner
INSTRUMENTATION_STATUS: numtests=28
INSTRUMENTATION_STATUS: stream=.
INSTRUMENTATION_STATUS: test=rejectedFitAndMalformedBackupMakeNoPartialPreferenceChanges
INSTRUMENTATION_STATUS_CODE: 0
INSTRUMENTATION_STATUS: class=com.aurora.music.data.ProcessingRackDeviceTest
INSTRUMENTATION_STATUS: current=4
INSTRUMENTATION_STATUS: id=AndroidJUnitRunner
INSTRUMENTATION_STATUS: numtests=28
INSTRUMENTATION_STATUS: stream=
com.aurora.music.data.ProcessingRackDeviceTest:
INSTRUMENTATION_STATUS: test=activeRackConvolutionRequiresASavedGlobalAssetEvenIfLegacySwitchIsOff
INSTRUMENTATION_STATUS_CODE: 1
INSTRUMENTATION_STATUS: class=com.aurora.music.data.ProcessingRackDeviceTest
INSTRUMENTATION_STATUS: current=4
INSTRUMENTATION_STATUS: id=AndroidJUnitRunner
INSTRUMENTATION_STATUS: numtests=28
INSTRUMENTATION_STATUS: stream=.
INSTRUMENTATION_STATUS: test=activeRackConvolutionRequiresASavedGlobalAssetEvenIfLegacySwitchIsOff
INSTRUMENTATION_STATUS_CODE: 0
INSTRUMENTATION_STATUS: class=com.aurora.music.data.ProcessingRackDeviceTest
INSTRUMENTATION_STATUS: current=5
INSTRUMENTATION_STATUS: id=AndroidJUnitRunner
INSTRUMENTATION_STATUS: numtests=28
INSTRUMENTATION_STATUS: stream=
INSTRUMENTATION_STATUS: test=enablingAndEditingRackPublishesCustomModeAndGraphAtomically
INSTRUMENTATION_STATUS_CODE: 1
INSTRUMENTATION_STATUS: class=com.aurora.music.data.ProcessingRackDeviceTest
INSTRUMENTATION_STATUS: current=5
INSTRUMENTATION_STATUS: id=AndroidJUnitRunner
INSTRUMENTATION_STATUS: numtests=28
INSTRUMENTATION_STATUS: stream=.
INSTRUMENTATION_STATUS: test=enablingAndEditingRackPublishesCustomModeAndGraphAtomically
INSTRUMENTATION_STATUS_CODE: 0
INSTRUMENTATION_STATUS: class=com.aurora.music.data.ProcessingRackDeviceTest
INSTRUMENTATION_STATUS: current=6
INSTRUMENTATION_STATUS: id=AndroidJUnitRunner
INSTRUMENTATION_STATUS: numtests=28
INSTRUMENTATION_STATUS: stream=
INSTRUMENTATION_STATUS: test=invalidRackOrBackupNeverPartiallyWritesPreferences
INSTRUMENTATION_STATUS_CODE: 1
INSTRUMENTATION_STATUS: class=com.aurora.music.data.ProcessingRackDeviceTest
INSTRUMENTATION_STATUS: current=6
INSTRUMENTATION_STATUS: id=AndroidJUnitRunner
INSTRUMENTATION_STATUS: numtests=28
INSTRUMENTATION_STATUS: stream=.
INSTRUMENTATION_STATUS: test=invalidRackOrBackupNeverPartiallyWritesPreferences
INSTRUMENTATION_STATUS_CODE: 0
INSTRUMENTATION_STATUS: class=com.aurora.music.data.ProcessingRackDeviceTest
INSTRUMENTATION_STATUS: current=7
INSTRUMENTATION_STATUS: id=AndroidJUnitRunner
INSTRUMENTATION_STATUS: numtests=28
INSTRUMENTATION_STATUS: stream=
INSTRUMENTATION_STATUS: test=fullBackupReplacementRestoresGraphAndRemovesPreferencesAbsentFromBackup
INSTRUMENTATION_STATUS_CODE: 1
INSTRUMENTATION_STATUS: class=com.aurora.music.data.ProcessingRackDeviceTest
INSTRUMENTATION_STATUS: current=7
INSTRUMENTATION_STATUS: id=AndroidJUnitRunner
INSTRUMENTATION_STATUS: numtests=28
INSTRUMENTATION_STATUS: stream=.
INSTRUMENTATION_STATUS: test=fullBackupReplacementRestoresGraphAndRemovesPreferencesAbsentFromBackup
INSTRUMENTATION_STATUS_CODE: 0
INSTRUMENTATION_STATUS: class=com.aurora.music.data.ProcessingRackDeviceTest
INSTRUMENTATION_STATUS: current=8
INSTRUMENTATION_STATUS: id=AndroidJUnitRunner
INSTRUMENTATION_STATUS: numtests=28
INSTRUMENTATION_STATUS: stream=
INSTRUMENTATION_STATUS: test=saveDuplicatePortableImportAndApplyCarryTheCompleteGraph
INSTRUMENTATION_STATUS_CODE: 1
INSTRUMENTATION_STATUS: class=com.aurora.music.data.ProcessingRackDeviceTest
INSTRUMENTATION_STATUS: current=8
INSTRUMENTATION_STATUS: id=AndroidJUnitRunner
INSTRUMENTATION_STATUS: numtests=28
INSTRUMENTATION_STATUS: stream=.
INSTRUMENTATION_STATUS: test=saveDuplicatePortableImportAndApplyCarryTheCompleteGraph
INSTRUMENTATION_STATUS_CODE: 0
INSTRUMENTATION_STATUS: class=com.aurora.music.data.BackupArchiveDeviceTest
INSTRUMENTATION_STATUS: current=9
INSTRUMENTATION_STATUS: id=AndroidJUnitRunner
INSTRUMENTATION_STATUS: numtests=28
INSTRUMENTATION_STATUS: stream=
com.aurora.music.data.BackupArchiveDeviceTest:
INSTRUMENTATION_STATUS: test=missingDependencyFailsBeforeAnyStoreChanges
INSTRUMENTATION_STATUS_CODE: 1
INSTRUMENTATION_STATUS: class=com.aurora.music.data.BackupArchiveDeviceTest
INSTRUMENTATION_STATUS: current=9
INSTRUMENTATION_STATUS: id=AndroidJUnitRunner
INSTRUMENTATION_STATUS: numtests=28
INSTRUMENTATION_STATUS: stream=.
INSTRUMENTATION_STATUS: test=missingDependencyFailsBeforeAnyStoreChanges
INSTRUMENTATION_STATUS_CODE: 0
INSTRUMENTATION_STATUS: class=com.aurora.music.data.BackupArchiveDeviceTest
INSTRUMENTATION_STATUS: current=10
INSTRUMENTATION_STATUS: id=AndroidJUnitRunner
INSTRUMENTATION_STATUS: numtests=28
INSTRUMENTATION_STATUS: stream=
INSTRUMENTATION_STATUS: test=legacyJsonRestoresWithoutTrustingOldAbsoluteIrPaths
INSTRUMENTATION_STATUS_CODE: 1
INSTRUMENTATION_STATUS: class=com.aurora.music.data.BackupArchiveDeviceTest
INSTRUMENTATION_STATUS: current=10
INSTRUMENTATION_STATUS: id=AndroidJUnitRunner
INSTRUMENTATION_STATUS: numtests=28
INSTRUMENTATION_STATUS: stream=.
INSTRUMENTATION_STATUS: test=legacyJsonRestoresWithoutTrustingOldAbsoluteIrPaths
INSTRUMENTATION_STATUS_CODE: 0
INSTRUMENTATION_STATUS: class=com.aurora.music.data.BackupArchiveDeviceTest
INSTRUMENTATION_STATUS: current=11
INSTRUMENTATION_STATUS: id=AndroidJUnitRunner
INSTRUMENTATION_STATUS: numtests=28
INSTRUMENTATION_STATUS: stream=
INSTRUMENTATION_STATUS: test=fullArchiveRestoresRackPresetsAndIrAfterOriginalAssetDisappears
INSTRUMENTATION_STATUS_CODE: 1
INSTRUMENTATION_STATUS: class=com.aurora.music.data.BackupArchiveDeviceTest
INSTRUMENTATION_STATUS: current=11
INSTRUMENTATION_STATUS: id=AndroidJUnitRunner
INSTRUMENTATION_STATUS: numtests=28
INSTRUMENTATION_STATUS: stream=.
INSTRUMENTATION_STATUS: test=fullArchiveRestoresRackPresetsAndIrAfterOriginalAssetDisappears
INSTRUMENTATION_STATUS_CODE: 0
INSTRUMENTATION_STATUS: class=com.aurora.music.playback.PrecisionRackAudioProcessorDeviceTest
INSTRUMENTATION_STATUS: current=12
INSTRUMENTATION_STATUS: id=AndroidJUnitRunner
INSTRUMENTATION_STATUS: numtests=28
INSTRUMENTATION_STATUS: stream=
com.aurora.music.playback.PrecisionRackAudioProcessorDeviceTest:
INSTRUMENTATION_STATUS: test=liveRackDisableAndReenablePreserveHeldOutputAndBlendToTheSelectedGain
INSTRUMENTATION_STATUS_CODE: 1
INSTRUMENTATION_STATUS: class=com.aurora.music.playback.PrecisionRackAudioProcessorDeviceTest
INSTRUMENTATION_STATUS: current=12
INSTRUMENTATION_STATUS: id=AndroidJUnitRunner
INSTRUMENTATION_STATUS: numtests=28
INSTRUMENTATION_STATUS: stream=.
INSTRUMENTATION_STATUS: test=liveRackDisableAndReenablePreserveHeldOutputAndBlendToTheSelectedGain
INSTRUMENTATION_STATUS_CODE: 0
INSTRUMENTATION_STATUS: class=com.aurora.music.playback.PrecisionRackAudioProcessorDeviceTest
INSTRUMENTATION_STATUS: current=13
INSTRUMENTATION_STATUS: id=AndroidJUnitRunner
INSTRUMENTATION_STATUS: numtests=28
INSTRUMENTATION_STATUS: stream=
INSTRUMENTATION_STATUS: test=dryPcm16IsBitIdenticalIncludingFullScaleAndOneLsbSamples
INSTRUMENTATION_STATUS_CODE: 1
INSTRUMENTATION_STATUS: class=com.aurora.music.playback.PrecisionRackAudioProcessorDeviceTest
INSTRUMENTATION_STATUS: current=13
INSTRUMENTATION_STATUS: id=AndroidJUnitRunner
INSTRUMENTATION_STATUS: numtests=28
INSTRUMENTATION_STATUS: stream=.
INSTRUMENTATION_STATUS: test=dryPcm16IsBitIdenticalIncludingFullScaleAndOneLsbSamples
INSTRUMENTATION_STATUS_CODE: 0
INSTRUMENTATION_STATUS: class=com.aurora.music.playback.PrecisionRackAudioProcessorDeviceTest
INSTRUMENTATION_STATUS: current=14
INSTRUMENTATION_STATUS: id=AndroidJUnitRunner
INSTRUMENTATION_STATUS: numtests=28
INSTRUMENTATION_STATUS: stream=
INSTRUMENTATION_STATUS: test=flushDropsPendingIrFramesAndFilterDelayHistoryBeforeNewAudio
INSTRUMENTATION_STATUS_CODE: 1
INSTRUMENTATION_STATUS: class=com.aurora.music.playback.PrecisionRackAudioProcessorDeviceTest
INSTRUMENTATION_STATUS: current=14
INSTRUMENTATION_STATUS: id=AndroidJUnitRunner
INSTRUMENTATION_STATUS: numtests=28
INSTRUMENTATION_STATUS: stream=.
INSTRUMENTATION_STATUS: test=flushDropsPendingIrFramesAndFilterDelayHistoryBeforeNewAudio
INSTRUMENTATION_STATUS_CODE: 0
INSTRUMENTATION_STATUS: class=com.aurora.music.playback.PrecisionRackAudioProcessorDeviceTest
INSTRUMENTATION_STATUS: current=15
INSTRUMENTATION_STATUS: id=AndroidJUnitRunner
INSTRUMENTATION_STATUS: numtests=28
INSTRUMENTATION_STATUS: stream=
INSTRUMENTATION_STATUS: test=unreadOutputBlocksSourceConsumptionAndKeepsItsOriginalBytes
INSTRUMENTATION_STATUS_CODE: 1
INSTRUMENTATION_STATUS: class=com.aurora.music.playback.PrecisionRackAudioProcessorDeviceTest
INSTRUMENTATION_STATUS: current=15
INSTRUMENTATION_STATUS: id=AndroidJUnitRunner
INSTRUMENTATION_STATUS: numtests=28
INSTRUMENTATION_STATUS: stream=.
INSTRUMENTATION_STATUS: test=unreadOutputBlocksSourceConsumptionAndKeepsItsOriginalBytes
INSTRUMENTATION_STATUS_CODE: 0
INSTRUMENTATION_STATUS: class=com.aurora.music.playback.PrecisionRackAudioProcessorDeviceTest
INSTRUMENTATION_STATUS: current=16
INSTRUMENTATION_STATUS: id=AndroidJUnitRunner
INSTRUMENTATION_STATUS: numtests=28
INSTRUMENTATION_STATUS: stream=
INSTRUMENTATION_STATUS: test=gainConvolutionWetMixAndSuffixGainUseOneFinalPcm16Quantization
INSTRUMENTATION_STATUS_CODE: 1
INSTRUMENTATION_STATUS: class=com.aurora.music.playback.PrecisionRackAudioProcessorDeviceTest
INSTRUMENTATION_STATUS: current=16
INSTRUMENTATION_STATUS: id=AndroidJUnitRunner
INSTRUMENTATION_STATUS: numtests=28
INSTRUMENTATION_STATUS: stream=.
INSTRUMENTATION_STATUS: test=gainConvolutionWetMixAndSuffixGainUseOneFinalPcm16Quantization
INSTRUMENTATION_STATUS_CODE: 0
INSTRUMENTATION_STATUS: class=com.aurora.music.playback.PrecisionRackAudioProcessorDeviceTest
INSTRUMENTATION_STATUS: current=17
INSTRUMENTATION_STATUS: id=AndroidJUnitRunner
INSTRUMENTATION_STATUS: numtests=28
INSTRUMENTATION_STATUS: stream=
INSTRUMENTATION_STATUS: test=configureStagesTheNextRateAndFlushStartsItWithNoPreviousOutput
INSTRUMENTATION_STATUS_CODE: 1
INSTRUMENTATION_STATUS: class=com.aurora.music.playback.PrecisionRackAudioProcessorDeviceTest
INSTRUMENTATION_STATUS: current=17
INSTRUMENTATION_STATUS: id=AndroidJUnitRunner
INSTRUMENTATION_STATUS: numtests=28
INSTRUMENTATION_STATUS: stream=.
INSTRUMENTATION_STATUS: test=configureStagesTheNextRateAndFlushStartsItWithNoPreviousOutput
INSTRUMENTATION_STATUS_CODE: 0
INSTRUMENTATION_STATUS: class=com.aurora.music.playback.PrecisionRackAudioProcessorDeviceTest
INSTRUMENTATION_STATUS: current=18
INSTRUMENTATION_STATUS: id=AndroidJUnitRunner
INSTRUMENTATION_STATUS: numtests=28
INSTRUMENTATION_STATUS: stream=
INSTRUMENTATION_STATUS: test=quietSamplesSurviveAttenuationAndRestorationAcrossAnIdentityIr
INSTRUMENTATION_STATUS_CODE: 1
INSTRUMENTATION_STATUS: class=com.aurora.music.playback.PrecisionRackAudioProcessorDeviceTest
INSTRUMENTATION_STATUS: current=18
INSTRUMENTATION_STATUS: id=AndroidJUnitRunner
INSTRUMENTATION_STATUS: numtests=28
INSTRUMENTATION_STATUS: stream=.
INSTRUMENTATION_STATUS: test=quietSamplesSurviveAttenuationAndRestorationAcrossAnIdentityIr
INSTRUMENTATION_STATUS_CODE: 0
INSTRUMENTATION_STATUS: class=com.aurora.music.playback.PrecisionRackAudioProcessorDeviceTest
INSTRUMENTATION_STATUS: current=19
INSTRUMENTATION_STATUS: id=AndroidJUnitRunner
INSTRUMENTATION_STATUS: numtests=28
INSTRUMENTATION_STATUS: stream=
INSTRUMENTATION_STATUS: test=eosDoesNotEndOrReplaceOutputStillOwnedByTheDownstreamProcessor
INSTRUMENTATION_STATUS_CODE: 1
INSTRUMENTATION_STATUS: class=com.aurora.music.playback.PrecisionRackAudioProcessorDeviceTest
INSTRUMENTATION_STATUS: current=19
INSTRUMENTATION_STATUS: id=AndroidJUnitRunner
INSTRUMENTATION_STATUS: numtests=28
INSTRUMENTATION_STATUS: stream=.
INSTRUMENTATION_STATUS: test=eosDoesNotEndOrReplaceOutputStillOwnedByTheDownstreamProcessor
INSTRUMENTATION_STATUS_CODE: 0
INSTRUMENTATION_STATUS: class=com.aurora.music.playback.PrecisionAudioSinkDeviceTest
INSTRUMENTATION_STATUS: current=20
INSTRUMENTATION_STATUS: id=AndroidJUnitRunner
INSTRUMENTATION_STATUS: numtests=28
INSTRUMENTATION_STATUS: stream=
com.aurora.music.playback.PrecisionAudioSinkDeviceTest:
INSTRUMENTATION_STATUS: test=quietPcm24SurvivesEffectsAndConvolutionWithoutIntermediateQuantization
INSTRUMENTATION_STATUS_CODE: 1
INSTRUMENTATION_STATUS: class=com.aurora.music.playback.PrecisionAudioSinkDeviceTest
INSTRUMENTATION_STATUS: current=20
INSTRUMENTATION_STATUS: id=AndroidJUnitRunner
INSTRUMENTATION_STATUS: numtests=28
INSTRUMENTATION_STATUS: stream=.
INSTRUMENTATION_STATUS: test=quietPcm24SurvivesEffectsAndConvolutionWithoutIntermediateQuantization
INSTRUMENTATION_STATUS_CODE: 0
INSTRUMENTATION_STATUS: class=com.aurora.music.playback.PrecisionAudioSinkDeviceTest
INSTRUMENTATION_STATUS: current=21
INSTRUMENTATION_STATUS: id=AndroidJUnitRunner
INSTRUMENTATION_STATUS: numtests=28
INSTRUMENTATION_STATUS: stream=
INSTRUMENTATION_STATUS: test=silenceFallbackDuringBackpressureKeepsTheOriginalDecoderTimeAnchor
INSTRUMENTATION_STATUS_CODE: 1
INSTRUMENTATION_STATUS: class=com.aurora.music.playback.PrecisionAudioSinkDeviceTest
INSTRUMENTATION_STATUS: current=21
INSTRUMENTATION_STATUS: id=AndroidJUnitRunner
INSTRUMENTATION_STATUS: numtests=28
INSTRUMENTATION_STATUS: stream=.
INSTRUMENTATION_STATUS: test=silenceFallbackDuringBackpressureKeepsTheOriginalDecoderTimeAnchor
INSTRUMENTATION_STATUS_CODE: 0
INSTRUMENTATION_STATUS: class=com.aurora.music.playback.PrecisionAudioSinkDeviceTest
INSTRUMENTATION_STATUS: current=22
INSTRUMENTATION_STATUS: id=AndroidJUnitRunner
INSTRUMENTATION_STATUS: numtests=28
INSTRUMENTATION_STATUS: stream=
INSTRUMENTATION_STATUS: test=enablingSilenceSkippingMovesToStickyPcm16WithoutDroppingFrames
INSTRUMENTATION_STATUS_CODE: 1
INSTRUMENTATION_STATUS: class=com.aurora.music.playback.PrecisionAudioSinkDeviceTest
INSTRUMENTATION_STATUS: current=22
INSTRUMENTATION_STATUS: id=AndroidJUnitRunner
INSTRUMENTATION_STATUS: numtests=28
INSTRUMENTATION_STATUS: stream=.
INSTRUMENTATION_STATUS: test=enablingSilenceSkippingMovesToStickyPcm16WithoutDroppingFrames
INSTRUMENTATION_STATUS_CODE: 0
INSTRUMENTATION_STATUS: class=com.aurora.music.playback.PrecisionAudioSinkDeviceTest
INSTRUMENTATION_STATUS: current=23
INSTRUMENTATION_STATUS: id=AndroidJUnitRunner
INSTRUMENTATION_STATUS: numtests=28
INSTRUMENTATION_STATUS: stream=
INSTRUMENTATION_STATUS: test=trimmedOrMappedSourcesKeepThePcm16CompatibilityBoundary
INSTRUMENTATION_STATUS_CODE: 1
INSTRUMENTATION_STATUS: class=com.aurora.music.playback.PrecisionAudioSinkDeviceTest
INSTRUMENTATION_STATUS: current=23
INSTRUMENTATION_STATUS: id=AndroidJUnitRunner
INSTRUMENTATION_STATUS: numtests=28
INSTRUMENTATION_STATUS: stream=.
INSTRUMENTATION_STATUS: test=trimmedOrMappedSourcesKeepThePcm16CompatibilityBoundary
INSTRUMENTATION_STATUS_CODE: 0
INSTRUMENTATION_STATUS: class=com.aurora.music.playback.PrecisionAudioSinkDeviceTest
INSTRUMENTATION_STATUS: current=24
INSTRUMENTATION_STATUS: id=AndroidJUnitRunner
INSTRUMENTATION_STATUS: numtests=28
INSTRUMENTATION_STATUS: stream=
INSTRUMENTATION_STATUS: test=formatSupportRequiresDecodedPcmEvenWhenTheDelegateAcceptsEncodedAudio
INSTRUMENTATION_STATUS_CODE: 1
INSTRUMENTATION_STATUS: class=com.aurora.music.playback.PrecisionAudioSinkDeviceTest
INSTRUMENTATION_STATUS: current=24
INSTRUMENTATION_STATUS: id=AndroidJUnitRunner
INSTRUMENTATION_STATUS: numtests=28
INSTRUMENTATION_STATUS: stream=.
INSTRUMENTATION_STATUS: test=formatSupportRequiresDecodedPcmEvenWhenTheDelegateAcceptsEncodedAudio
INSTRUMENTATION_STATUS_CODE: 0
INSTRUMENTATION_STATUS: class=com.aurora.music.playback.PrecisionAudioSinkDeviceTest
INSTRUMENTATION_STATUS: current=25
INSTRUMENTATION_STATUS: id=AndroidJUnitRunner
INSTRUMENTATION_STATUS: numtests=28
INSTRUMENTATION_STATUS: stream=
INSTRUMENTATION_STATUS: test=aPaddedStreamKeepsFollowingStreamsCompatibleUntilTheSinkIsReset
INSTRUMENTATION_STATUS_CODE: 1
INSTRUMENTATION_STATUS: class=com.aurora.music.playback.PrecisionAudioSinkDeviceTest
INSTRUMENTATION_STATUS: current=25
INSTRUMENTATION_STATUS: id=AndroidJUnitRunner
INSTRUMENTATION_STATUS: numtests=28
INSTRUMENTATION_STATUS: stream=.
INSTRUMENTATION_STATUS: test=aPaddedStreamKeepsFollowingStreamsCompatibleUntilTheSinkIsReset
INSTRUMENTATION_STATUS_CODE: 0
INSTRUMENTATION_STATUS: class=com.aurora.music.playback.PrecisionAudioSinkDeviceTest
INSTRUMENTATION_STATUS: current=26
INSTRUMENTATION_STATUS: id=AndroidJUnitRunner
INSTRUMENTATION_STATUS: numtests=28
INSTRUMENTATION_STATUS: stream=
INSTRUMENTATION_STATUS: test=flushDiscardsPartialConvolutionAndEffectsHistoryBeforeASeek
INSTRUMENTATION_STATUS_CODE: 1
INSTRUMENTATION_STATUS: class=com.aurora.music.playback.PrecisionAudioSinkDeviceTest
INSTRUMENTATION_STATUS: current=26
INSTRUMENTATION_STATUS: id=AndroidJUnitRunner
INSTRUMENTATION_STATUS: numtests=28
INSTRUMENTATION_STATUS: stream=.
INSTRUMENTATION_STATUS: test=flushDiscardsPartialConvolutionAndEffectsHistoryBeforeASeek
INSTRUMENTATION_STATUS_CODE: 0
INSTRUMENTATION_STATUS: class=com.aurora.music.playback.PrecisionAudioSinkDeviceTest
INSTRUMENTATION_STATUS: current=27
INSTRUMENTATION_STATUS: id=AndroidJUnitRunner
INSTRUMENTATION_STATUS: numtests=28
INSTRUMENTATION_STATUS: stream=
INSTRUMENTATION_STATUS: test=configureWaitsUntilRetainedOldOutputHasDrained
INSTRUMENTATION_STATUS_CODE: 1
INSTRUMENTATION_STATUS: class=com.aurora.music.playback.PrecisionAudioSinkDeviceTest
INSTRUMENTATION_STATUS: current=27
INSTRUMENTATION_STATUS: id=AndroidJUnitRunner
INSTRUMENTATION_STATUS: numtests=28
INSTRUMENTATION_STATUS: stream=.
INSTRUMENTATION_STATUS: test=configureWaitsUntilRetainedOldOutputHasDrained
INSTRUMENTATION_STATUS_CODE: 0
INSTRUMENTATION_STATUS: class=com.aurora.music.playback.PrecisionAudioSinkDeviceTest
INSTRUMENTATION_STATUS: current=28
INSTRUMENTATION_STATUS: id=AndroidJUnitRunner
INSTRUMENTATION_STATUS: numtests=28
INSTRUMENTATION_STATUS: stream=
INSTRUMENTATION_STATUS: test=retainedOutputRetriesKeepTheirIdentityTimestampAndEverySourceFrame
INSTRUMENTATION_STATUS_CODE: 1
INSTRUMENTATION_STATUS: class=com.aurora.music.playback.PrecisionAudioSinkDeviceTest
INSTRUMENTATION_STATUS: current=28
INSTRUMENTATION_STATUS: id=AndroidJUnitRunner
INSTRUMENTATION_STATUS: numtests=28
INSTRUMENTATION_STATUS: stream=.
INSTRUMENTATION_STATUS: test=retainedOutputRetriesKeepTheirIdentityTimestampAndEverySourceFrame
INSTRUMENTATION_STATUS_CODE: 0
INSTRUMENTATION_RESULT: stream=

Time: 3.639

OK (28 tests)


INSTRUMENTATION_CODE: -1
