INSTRUMENTATION_STATUS: class=com.aurora.music.playback.ChannelEqPlaybackDeviceTest
INSTRUMENTATION_STATUS: current=1
INSTRUMENTATION_STATUS: id=AndroidJUnitRunner
INSTRUMENTATION_STATUS: numtests=7
INSTRUMENTATION_STATUS: stream=
com.aurora.music.playback.ChannelEqPlaybackDeviceTest:
INSTRUMENTATION_STATUS: test=independentEqChannelsWetAndRoutingEditsReachTheActualOutput
INSTRUMENTATION_STATUS_CODE: 1
INSTRUMENTATION_STATUS: class=com.aurora.music.playback.ChannelEqPlaybackDeviceTest
INSTRUMENTATION_STATUS: current=1
INSTRUMENTATION_STATUS: id=AndroidJUnitRunner
INSTRUMENTATION_STATUS: numtests=7
INSTRUMENTATION_STATUS: stack=org.junit.AssumptionViolatedException: Keep the user's existing physical shuffle and original-order snapshot untouched
	at org.junit.Assume.assumeTrue(Assume.java:68)
	at org.junit.Assume.assumeFalse(Assume.java:75)
	at com.aurora.music.playback.PrecisionPlaybackDeviceTest.withProcessingFixture$app_releaseAndroidTest(PrecisionPlaybackDeviceTest.kt:397)
	at com.aurora.music.playback.ChannelEqPlaybackDeviceTest.independentEqChannelsWetAndRoutingEditsReachTheActualOutput(ChannelEqPlaybackDeviceTest.kt:27)
	at java.lang.reflect.Method.invoke(Native Method)
	at org.junit.runners.model.FrameworkMethod$1.runReflectiveCall(FrameworkMethod.java:59)
	at org.junit.internal.runners.model.ReflectiveCallable.run(ReflectiveCallable.java:12)
	at org.junit.runners.model.FrameworkMethod.invokeExplosively(FrameworkMethod.java:56)
	at org.junit.internal.runners.statements.InvokeMethod.evaluate(InvokeMethod.java:17)
	at androidx.test.internal.runner.junit4.statement.RunBefores.evaluate(RunBefores.java:80)
	at androidx.test.internal.runner.junit4.statement.RunAfters.evaluate(RunAfters.java:61)
	at org.junit.runners.ParentRunner$3.evaluate(ParentRunner.java:306)
	at org.junit.runners.BlockJUnit4ClassRunner$1.evaluate(BlockJUnit4ClassRunner.java:100)
	at org.junit.runners.ParentRunner.runLeaf(ParentRunner.java:366)
	at org.junit.runners.BlockJUnit4ClassRunner.runChild(BlockJUnit4ClassRunner.java:103)
	at org.junit.runners.BlockJUnit4ClassRunner.runChild(BlockJUnit4ClassRunner.java:63)
	at org.junit.runners.ParentRunner$4.run(ParentRunner.java:331)
	at org.junit.runners.ParentRunner$1.schedule(ParentRunner.java:79)
	at org.junit.runners.ParentRunner.runChildren(ParentRunner.java:329)
	at org.junit.runners.ParentRunner.access$100(ParentRunner.java:66)
	at org.junit.runners.ParentRunner$2.evaluate(ParentRunner.java:293)
	at org.junit.runners.ParentRunner$3.evaluate(ParentRunner.java:306)
	at org.junit.runners.ParentRunner.run(ParentRunner.java:413)
	at org.junit.runners.Suite.runChild(Suite.java:128)
	at org.junit.runners.Suite.runChild(Suite.java:27)
	at org.junit.runners.ParentRunner$4.run(ParentRunner.java:331)
	at org.junit.runners.ParentRunner$1.schedule(ParentRunner.java:79)
	at org.junit.runners.ParentRunner.runChildren(ParentRunner.java:329)
	at org.junit.runners.ParentRunner.access$100(ParentRunner.java:66)
	at org.junit.runners.ParentRunner$2.evaluate(ParentRunner.java:293)
	at org.junit.runners.ParentRunner$3.evaluate(ParentRunner.java:306)
	at org.junit.runners.ParentRunner.run(ParentRunner.java:413)
	at org.junit.runner.JUnitCore.run(JUnitCore.java:137)
	at org.junit.runner.JUnitCore.run(JUnitCore.java:115)
	at androidx.test.internal.runner.TestExecutor.execute(TestExecutor.java:68)
	at androidx.test.internal.runner.TestExecutor.execute(TestExecutor.java:59)
	at androidx.test.runner.AndroidJUnitRunner.onStart(AndroidJUnitRunner.java:463)
	at android.app.Instrumentation$InstrumentationThread.run(Instrumentation.java:2755)

INSTRUMENTATION_STATUS: stream=
com.aurora.music.playback.ChannelEqPlaybackDeviceTest:
INSTRUMENTATION_STATUS: test=independentEqChannelsWetAndRoutingEditsReachTheActualOutput
INSTRUMENTATION_STATUS_CODE: -4
INSTRUMENTATION_STATUS: class=com.aurora.music.playback.PrecisionPlaybackDeviceTest
INSTRUMENTATION_STATUS: current=2
INSTRUMENTATION_STATUS: id=AndroidJUnitRunner
INSTRUMENTATION_STATUS: numtests=7
INSTRUMENTATION_STATUS: stream=
com.aurora.music.playback.PrecisionPlaybackDeviceTest:
INSTRUMENTATION_STATUS: test=liveRackWetBypassAndDisableKeepQueueAndMeasuredGain
INSTRUMENTATION_STATUS_CODE: 1
INSTRUMENTATION_STATUS: class=com.aurora.music.playback.PrecisionPlaybackDeviceTest
INSTRUMENTATION_STATUS: current=2
INSTRUMENTATION_STATUS: id=AndroidJUnitRunner
INSTRUMENTATION_STATUS: numtests=7
INSTRUMENTATION_STATUS: stack=org.junit.AssumptionViolatedException: Keep the user's existing physical shuffle and original-order snapshot untouched
	at org.junit.Assume.assumeTrue(Assume.java:68)
	at org.junit.Assume.assumeFalse(Assume.java:75)
	at com.aurora.music.playback.PrecisionPlaybackDeviceTest.withProcessingFixture$app_releaseAndroidTest(PrecisionPlaybackDeviceTest.kt:397)
	at com.aurora.music.playback.PrecisionPlaybackDeviceTest.liveRackWetBypassAndDisableKeepQueueAndMeasuredGain(PrecisionPlaybackDeviceTest.kt:247)
	at java.lang.reflect.Method.invoke(Native Method)
	at org.junit.runners.model.FrameworkMethod$1.runReflectiveCall(FrameworkMethod.java:59)
	at org.junit.internal.runners.model.ReflectiveCallable.run(ReflectiveCallable.java:12)
	at org.junit.runners.model.FrameworkMethod.invokeExplosively(FrameworkMethod.java:56)
	at org.junit.internal.runners.statements.InvokeMethod.evaluate(InvokeMethod.java:17)
	at androidx.test.internal.runner.junit4.statement.RunBefores.evaluate(RunBefores.java:80)
	at androidx.test.internal.runner.junit4.statement.RunAfters.evaluate(RunAfters.java:61)
	at org.junit.runners.ParentRunner$3.evaluate(ParentRunner.java:306)
	at org.junit.runners.BlockJUnit4ClassRunner$1.evaluate(BlockJUnit4ClassRunner.java:100)
	at org.junit.runners.ParentRunner.runLeaf(ParentRunner.java:366)
	at org.junit.runners.BlockJUnit4ClassRunner.runChild(BlockJUnit4ClassRunner.java:103)
	at org.junit.runners.BlockJUnit4ClassRunner.runChild(BlockJUnit4ClassRunner.java:63)
	at org.junit.runners.ParentRunner$4.run(ParentRunner.java:331)
	at org.junit.runners.ParentRunner$1.schedule(ParentRunner.java:79)
	at org.junit.runners.ParentRunner.runChildren(ParentRunner.java:329)
	at org.junit.runners.ParentRunner.access$100(ParentRunner.java:66)
	at org.junit.runners.ParentRunner$2.evaluate(ParentRunner.java:293)
	at org.junit.runners.ParentRunner$3.evaluate(ParentRunner.java:306)
	at org.junit.runners.ParentRunner.run(ParentRunner.java:413)
	at org.junit.runners.Suite.runChild(Suite.java:128)
	at org.junit.runners.Suite.runChild(Suite.java:27)
	at org.junit.runners.ParentRunner$4.run(ParentRunner.java:331)
	at org.junit.runners.ParentRunner$1.schedule(ParentRunner.java:79)
	at org.junit.runners.ParentRunner.runChildren(ParentRunner.java:329)
	at org.junit.runners.ParentRunner.access$100(ParentRunner.java:66)
	at org.junit.runners.ParentRunner$2.evaluate(ParentRunner.java:293)
	at org.junit.runners.ParentRunner$3.evaluate(ParentRunner.java:306)
	at org.junit.runners.ParentRunner.run(ParentRunner.java:413)
	at org.junit.runner.JUnitCore.run(JUnitCore.java:137)
	at org.junit.runner.JUnitCore.run(JUnitCore.java:115)
	at androidx.test.internal.runner.TestExecutor.execute(TestExecutor.java:68)
	at androidx.test.internal.runner.TestExecutor.execute(TestExecutor.java:59)
	at androidx.test.runner.AndroidJUnitRunner.onStart(AndroidJUnitRunner.java:463)
	at android.app.Instrumentation$InstrumentationThread.run(Instrumentation.java:2755)

INSTRUMENTATION_STATUS: stream=
com.aurora.music.playback.PrecisionPlaybackDeviceTest:
INSTRUMENTATION_STATUS: test=liveRackWetBypassAndDisableKeepQueueAndMeasuredGain
INSTRUMENTATION_STATUS_CODE: -4
INSTRUMENTATION_STATUS: class=com.aurora.music.playback.PrecisionPlaybackDeviceTest
INSTRUMENTATION_STATUS: current=3
INSTRUMENTATION_STATUS: id=AndroidJUnitRunner
INSTRUMENTATION_STATUS: numtests=7
INSTRUMENTATION_STATUS: stream=
INSTRUMENTATION_STATUS: test=crossfadeHandoffRetainsCustomAndConvolutionProcessingAndQueue
INSTRUMENTATION_STATUS_CODE: 1
INSTRUMENTATION_STATUS: class=com.aurora.music.playback.PrecisionPlaybackDeviceTest
INSTRUMENTATION_STATUS: current=3
INSTRUMENTATION_STATUS: id=AndroidJUnitRunner
INSTRUMENTATION_STATUS: numtests=7
INSTRUMENTATION_STATUS: stack=org.junit.AssumptionViolatedException: Keep the user's existing physical shuffle and original-order snapshot untouched
	at org.junit.Assume.assumeTrue(Assume.java:68)
	at org.junit.Assume.assumeFalse(Assume.java:75)
	at com.aurora.music.playback.PrecisionPlaybackDeviceTest.withProcessingFixture$app_releaseAndroidTest(PrecisionPlaybackDeviceTest.kt:397)
	at com.aurora.music.playback.PrecisionPlaybackDeviceTest.crossfadeHandoffRetainsCustomAndConvolutionProcessingAndQueue(PrecisionPlaybackDeviceTest.kt:210)
	at java.lang.reflect.Method.invoke(Native Method)
	at org.junit.runners.model.FrameworkMethod$1.runReflectiveCall(FrameworkMethod.java:59)
	at org.junit.internal.runners.model.ReflectiveCallable.run(ReflectiveCallable.java:12)
	at org.junit.runners.model.FrameworkMethod.invokeExplosively(FrameworkMethod.java:56)
	at org.junit.internal.runners.statements.InvokeMethod.evaluate(InvokeMethod.java:17)
	at androidx.test.internal.runner.junit4.statement.RunBefores.evaluate(RunBefores.java:80)
	at androidx.test.internal.runner.junit4.statement.RunAfters.evaluate(RunAfters.java:61)
	at org.junit.runners.ParentRunner$3.evaluate(ParentRunner.java:306)
	at org.junit.runners.BlockJUnit4ClassRunner$1.evaluate(BlockJUnit4ClassRunner.java:100)
	at org.junit.runners.ParentRunner.runLeaf(ParentRunner.java:366)
	at org.junit.runners.BlockJUnit4ClassRunner.runChild(BlockJUnit4ClassRunner.java:103)
	at org.junit.runners.BlockJUnit4ClassRunner.runChild(BlockJUnit4ClassRunner.java:63)
	at org.junit.runners.ParentRunner$4.run(ParentRunner.java:331)
	at org.junit.runners.ParentRunner$1.schedule(ParentRunner.java:79)
	at org.junit.runners.ParentRunner.runChildren(ParentRunner.java:329)
	at org.junit.runners.ParentRunner.access$100(ParentRunner.java:66)
	at org.junit.runners.ParentRunner$2.evaluate(ParentRunner.java:293)
	at org.junit.runners.ParentRunner$3.evaluate(ParentRunner.java:306)
	at org.junit.runners.ParentRunner.run(ParentRunner.java:413)
	at org.junit.runners.Suite.runChild(Suite.java:128)
	at org.junit.runners.Suite.runChild(Suite.java:27)
	at org.junit.runners.ParentRunner$4.run(ParentRunner.java:331)
	at org.junit.runners.ParentRunner$1.schedule(ParentRunner.java:79)
	at org.junit.runners.ParentRunner.runChildren(ParentRunner.java:329)
	at org.junit.runners.ParentRunner.access$100(ParentRunner.java:66)
	at org.junit.runners.ParentRunner$2.evaluate(ParentRunner.java:293)
	at org.junit.runners.ParentRunner$3.evaluate(ParentRunner.java:306)
	at org.junit.runners.ParentRunner.run(ParentRunner.java:413)
	at org.junit.runner.JUnitCore.run(JUnitCore.java:137)
	at org.junit.runner.JUnitCore.run(JUnitCore.java:115)
	at androidx.test.internal.runner.TestExecutor.execute(TestExecutor.java:68)
	at androidx.test.internal.runner.TestExecutor.execute(TestExecutor.java:59)
	at androidx.test.runner.AndroidJUnitRunner.onStart(AndroidJUnitRunner.java:463)
	at android.app.Instrumentation$InstrumentationThread.run(Instrumentation.java:2755)

INSTRUMENTATION_STATUS: stream=
INSTRUMENTATION_STATUS: test=crossfadeHandoffRetainsCustomAndConvolutionProcessingAndQueue
INSTRUMENTATION_STATUS_CODE: -4
INSTRUMENTATION_STATUS: class=com.aurora.music.playback.PrecisionPlaybackDeviceTest
INSTRUMENTATION_STATUS: current=4
INSTRUMENTATION_STATUS: id=AndroidJUnitRunner
INSTRUMENTATION_STATUS: numtests=7
INSTRUMENTATION_STATUS: stream=
INSTRUMENTATION_STATUS: test=bothMixDecksProcessCustomEffectsAndConvolutionThroughSeekAndResume
INSTRUMENTATION_STATUS_CODE: 1
INSTRUMENTATION_STATUS: class=com.aurora.music.playback.PrecisionPlaybackDeviceTest
INSTRUMENTATION_STATUS: current=4
INSTRUMENTATION_STATUS: id=AndroidJUnitRunner
INSTRUMENTATION_STATUS: numtests=7
INSTRUMENTATION_STATUS: stack=org.junit.AssumptionViolatedException: Keep the user's existing physical shuffle and original-order snapshot untouched
	at org.junit.Assume.assumeTrue(Assume.java:68)
	at org.junit.Assume.assumeFalse(Assume.java:75)
	at com.aurora.music.playback.PrecisionPlaybackDeviceTest.withProcessingFixture$app_releaseAndroidTest(PrecisionPlaybackDeviceTest.kt:397)
	at com.aurora.music.playback.PrecisionPlaybackDeviceTest.bothMixDecksProcessCustomEffectsAndConvolutionThroughSeekAndResume(PrecisionPlaybackDeviceTest.kt:311)
	at java.lang.reflect.Method.invoke(Native Method)
	at org.junit.runners.model.FrameworkMethod$1.runReflectiveCall(FrameworkMethod.java:59)
	at org.junit.internal.runners.model.ReflectiveCallable.run(ReflectiveCallable.java:12)
	at org.junit.runners.model.FrameworkMethod.invokeExplosively(FrameworkMethod.java:56)
	at org.junit.internal.runners.statements.InvokeMethod.evaluate(InvokeMethod.java:17)
	at androidx.test.internal.runner.junit4.statement.RunBefores.evaluate(RunBefores.java:80)
	at androidx.test.internal.runner.junit4.statement.RunAfters.evaluate(RunAfters.java:61)
	at org.junit.runners.ParentRunner$3.evaluate(ParentRunner.java:306)
	at org.junit.runners.BlockJUnit4ClassRunner$1.evaluate(BlockJUnit4ClassRunner.java:100)
	at org.junit.runners.ParentRunner.runLeaf(ParentRunner.java:366)
	at org.junit.runners.BlockJUnit4ClassRunner.runChild(BlockJUnit4ClassRunner.java:103)
	at org.junit.runners.BlockJUnit4ClassRunner.runChild(BlockJUnit4ClassRunner.java:63)
	at org.junit.runners.ParentRunner$4.run(ParentRunner.java:331)
	at org.junit.runners.ParentRunner$1.schedule(ParentRunner.java:79)
	at org.junit.runners.ParentRunner.runChildren(ParentRunner.java:329)
	at org.junit.runners.ParentRunner.access$100(ParentRunner.java:66)
	at org.junit.runners.ParentRunner$2.evaluate(ParentRunner.java:293)
	at org.junit.runners.ParentRunner$3.evaluate(ParentRunner.java:306)
	at org.junit.runners.ParentRunner.run(ParentRunner.java:413)
	at org.junit.runners.Suite.runChild(Suite.java:128)
	at org.junit.runners.Suite.runChild(Suite.java:27)
	at org.junit.runners.ParentRunner$4.run(ParentRunner.java:331)
	at org.junit.runners.ParentRunner$1.schedule(ParentRunner.java:79)
	at org.junit.runners.ParentRunner.runChildren(ParentRunner.java:329)
	at org.junit.runners.ParentRunner.access$100(ParentRunner.java:66)
	at org.junit.runners.ParentRunner$2.evaluate(ParentRunner.java:293)
	at org.junit.runners.ParentRunner$3.evaluate(ParentRunner.java:306)
	at org.junit.runners.ParentRunner.run(ParentRunner.java:413)
	at org.junit.runner.JUnitCore.run(JUnitCore.java:137)
	at org.junit.runner.JUnitCore.run(JUnitCore.java:115)
	at androidx.test.internal.runner.TestExecutor.execute(TestExecutor.java:68)
	at androidx.test.internal.runner.TestExecutor.execute(TestExecutor.java:59)
	at androidx.test.runner.AndroidJUnitRunner.onStart(AndroidJUnitRunner.java:463)
	at android.app.Instrumentation$InstrumentationThread.run(Instrumentation.java:2755)

INSTRUMENTATION_STATUS: stream=
INSTRUMENTATION_STATUS: test=bothMixDecksProcessCustomEffectsAndConvolutionThroughSeekAndResume
INSTRUMENTATION_STATUS_CODE: -4
INSTRUMENTATION_STATUS: class=com.aurora.music.playback.PrecisionPlaybackDeviceTest
INSTRUMENTATION_STATUS: current=5
INSTRUMENTATION_STATUS: id=AndroidJUnitRunner
INSTRUMENTATION_STATUS: numtests=7
INSTRUMENTATION_STATUS: stream=
INSTRUMENTATION_STATUS: test=customShuffleSurvivesCrossfadeAndUnshuffleRestoresTheOriginalOrder
INSTRUMENTATION_STATUS_CODE: 1
INSTRUMENTATION_STATUS: class=com.aurora.music.playback.PrecisionPlaybackDeviceTest
INSTRUMENTATION_STATUS: current=5
INSTRUMENTATION_STATUS: id=AndroidJUnitRunner
INSTRUMENTATION_STATUS: numtests=7
INSTRUMENTATION_STATUS: stack=org.junit.AssumptionViolatedException: Keep the user's existing physical shuffle and original-order snapshot untouched
	at org.junit.Assume.assumeTrue(Assume.java:68)
	at org.junit.Assume.assumeFalse(Assume.java:75)
	at com.aurora.music.playback.PrecisionPlaybackDeviceTest.withProcessingFixture$app_releaseAndroidTest(PrecisionPlaybackDeviceTest.kt:397)
	at com.aurora.music.playback.PrecisionPlaybackDeviceTest.customShuffleSurvivesCrossfadeAndUnshuffleRestoresTheOriginalOrder(PrecisionPlaybackDeviceTest.kt:277)
	at java.lang.reflect.Method.invoke(Native Method)
	at org.junit.runners.model.FrameworkMethod$1.runReflectiveCall(FrameworkMethod.java:59)
	at org.junit.internal.runners.model.ReflectiveCallable.run(ReflectiveCallable.java:12)
	at org.junit.runners.model.FrameworkMethod.invokeExplosively(FrameworkMethod.java:56)
	at org.junit.internal.runners.statements.InvokeMethod.evaluate(InvokeMethod.java:17)
	at androidx.test.internal.runner.junit4.statement.RunBefores.evaluate(RunBefores.java:80)
	at androidx.test.internal.runner.junit4.statement.RunAfters.evaluate(RunAfters.java:61)
	at org.junit.runners.ParentRunner$3.evaluate(ParentRunner.java:306)
	at org.junit.runners.BlockJUnit4ClassRunner$1.evaluate(BlockJUnit4ClassRunner.java:100)
	at org.junit.runners.ParentRunner.runLeaf(ParentRunner.java:366)
	at org.junit.runners.BlockJUnit4ClassRunner.runChild(BlockJUnit4ClassRunner.java:103)
	at org.junit.runners.BlockJUnit4ClassRunner.runChild(BlockJUnit4ClassRunner.java:63)
	at org.junit.runners.ParentRunner$4.run(ParentRunner.java:331)
	at org.junit.runners.ParentRunner$1.schedule(ParentRunner.java:79)
	at org.junit.runners.ParentRunner.runChildren(ParentRunner.java:329)
	at org.junit.runners.ParentRunner.access$100(ParentRunner.java:66)
	at org.junit.runners.ParentRunner$2.evaluate(ParentRunner.java:293)
	at org.junit.runners.ParentRunner$3.evaluate(ParentRunner.java:306)
	at org.junit.runners.ParentRunner.run(ParentRunner.java:413)
	at org.junit.runners.Suite.runChild(Suite.java:128)
	at org.junit.runners.Suite.runChild(Suite.java:27)
	at org.junit.runners.ParentRunner$4.run(ParentRunner.java:331)
	at org.junit.runners.ParentRunner$1.schedule(ParentRunner.java:79)
	at org.junit.runners.ParentRunner.runChildren(ParentRunner.java:329)
	at org.junit.runners.ParentRunner.access$100(ParentRunner.java:66)
	at org.junit.runners.ParentRunner$2.evaluate(ParentRunner.java:293)
	at org.junit.runners.ParentRunner$3.evaluate(ParentRunner.java:306)
	at org.junit.runners.ParentRunner.run(ParentRunner.java:413)
	at org.junit.runner.JUnitCore.run(JUnitCore.java:137)
	at org.junit.runner.JUnitCore.run(JUnitCore.java:115)
	at androidx.test.internal.runner.TestExecutor.execute(TestExecutor.java:68)
	at androidx.test.internal.runner.TestExecutor.execute(TestExecutor.java:59)
	at androidx.test.runner.AndroidJUnitRunner.onStart(AndroidJUnitRunner.java:463)
	at android.app.Instrumentation$InstrumentationThread.run(Instrumentation.java:2755)

INSTRUMENTATION_STATUS: stream=
INSTRUMENTATION_STATUS: test=customShuffleSurvivesCrossfadeAndUnshuffleRestoresTheOriginalOrder
INSTRUMENTATION_STATUS_CODE: -4
INSTRUMENTATION_STATUS: class=com.aurora.music.playback.PrecisionPlaybackDeviceTest
INSTRUMENTATION_STATUS: current=6
INSTRUMENTATION_STATUS: id=AndroidJUnitRunner
INSTRUMENTATION_STATUS: numtests=7
INSTRUMENTATION_STATUS: stream=
INSTRUMENTATION_STATUS: test=precisionOutputKeepsSpeedAndFallsBackWhenSilenceSkippingIsEnabled
INSTRUMENTATION_STATUS_CODE: 1
INSTRUMENTATION_STATUS: class=com.aurora.music.playback.PrecisionPlaybackDeviceTest
INSTRUMENTATION_STATUS: current=6
INSTRUMENTATION_STATUS: id=AndroidJUnitRunner
INSTRUMENTATION_STATUS: numtests=7
INSTRUMENTATION_STATUS: stack=org.junit.AssumptionViolatedException: Keep the user's existing physical shuffle and original-order snapshot untouched
	at org.junit.Assume.assumeTrue(Assume.java:68)
	at org.junit.Assume.assumeFalse(Assume.java:75)
	at com.aurora.music.playback.PrecisionPlaybackDeviceTest.withProcessingFixture$app_releaseAndroidTest(PrecisionPlaybackDeviceTest.kt:397)
	at com.aurora.music.playback.PrecisionPlaybackDeviceTest.precisionOutputKeepsSpeedAndFallsBackWhenSilenceSkippingIsEnabled(PrecisionPlaybackDeviceTest.kt:173)
	at java.lang.reflect.Method.invoke(Native Method)
	at org.junit.runners.model.FrameworkMethod$1.runReflectiveCall(FrameworkMethod.java:59)
	at org.junit.internal.runners.model.ReflectiveCallable.run(ReflectiveCallable.java:12)
	at org.junit.runners.model.FrameworkMethod.invokeExplosively(FrameworkMethod.java:56)
	at org.junit.internal.runners.statements.InvokeMethod.evaluate(InvokeMethod.java:17)
	at androidx.test.internal.runner.junit4.statement.RunBefores.evaluate(RunBefores.java:80)
	at androidx.test.internal.runner.junit4.statement.RunAfters.evaluate(RunAfters.java:61)
	at org.junit.runners.ParentRunner$3.evaluate(ParentRunner.java:306)
	at org.junit.runners.BlockJUnit4ClassRunner$1.evaluate(BlockJUnit4ClassRunner.java:100)
	at org.junit.runners.ParentRunner.runLeaf(ParentRunner.java:366)
	at org.junit.runners.BlockJUnit4ClassRunner.runChild(BlockJUnit4ClassRunner.java:103)
	at org.junit.runners.BlockJUnit4ClassRunner.runChild(BlockJUnit4ClassRunner.java:63)
	at org.junit.runners.ParentRunner$4.run(ParentRunner.java:331)
	at org.junit.runners.ParentRunner$1.schedule(ParentRunner.java:79)
	at org.junit.runners.ParentRunner.runChildren(ParentRunner.java:329)
	at org.junit.runners.ParentRunner.access$100(ParentRunner.java:66)
	at org.junit.runners.ParentRunner$2.evaluate(ParentRunner.java:293)
	at org.junit.runners.ParentRunner$3.evaluate(ParentRunner.java:306)
	at org.junit.runners.ParentRunner.run(ParentRunner.java:413)
	at org.junit.runners.Suite.runChild(Suite.java:128)
	at org.junit.runners.Suite.runChild(Suite.java:27)
	at org.junit.runners.ParentRunner$4.run(ParentRunner.java:331)
	at org.junit.runners.ParentRunner$1.schedule(ParentRunner.java:79)
	at org.junit.runners.ParentRunner.runChildren(ParentRunner.java:329)
	at org.junit.runners.ParentRunner.access$100(ParentRunner.java:66)
	at org.junit.runners.ParentRunner$2.evaluate(ParentRunner.java:293)
	at org.junit.runners.ParentRunner$3.evaluate(ParentRunner.java:306)
	at org.junit.runners.ParentRunner.run(ParentRunner.java:413)
	at org.junit.runner.JUnitCore.run(JUnitCore.java:137)
	at org.junit.runner.JUnitCore.run(JUnitCore.java:115)
	at androidx.test.internal.runner.TestExecutor.execute(TestExecutor.java:68)
	at androidx.test.internal.runner.TestExecutor.execute(TestExecutor.java:59)
	at androidx.test.runner.AndroidJUnitRunner.onStart(AndroidJUnitRunner.java:463)
	at android.app.Instrumentation$InstrumentationThread.run(Instrumentation.java:2755)

INSTRUMENTATION_STATUS: stream=
INSTRUMENTATION_STATUS: test=precisionOutputKeepsSpeedAndFallsBackWhenSilenceSkippingIsEnabled
INSTRUMENTATION_STATUS_CODE: -4
INSTRUMENTATION_STATUS: class=com.aurora.music.playback.PrecisionPlaybackDeviceTest
INSTRUMENTATION_STATUS: current=7
INSTRUMENTATION_STATUS: id=AndroidJUnitRunner
INSTRUMENTATION_STATUS: numtests=7
INSTRUMENTATION_STATUS: stream=
INSTRUMENTATION_STATUS: test=liveConvolutionReplacementFormatChangeAndSeekKeepMeasuredStereoGain
INSTRUMENTATION_STATUS_CODE: 1
INSTRUMENTATION_STATUS: class=com.aurora.music.playback.PrecisionPlaybackDeviceTest
INSTRUMENTATION_STATUS: current=7
INSTRUMENTATION_STATUS: id=AndroidJUnitRunner
INSTRUMENTATION_STATUS: numtests=7
INSTRUMENTATION_STATUS: stack=org.junit.AssumptionViolatedException: Keep the user's existing physical shuffle and original-order snapshot untouched
	at org.junit.Assume.assumeTrue(Assume.java:68)
	at org.junit.Assume.assumeFalse(Assume.java:75)
	at com.aurora.music.playback.PrecisionPlaybackDeviceTest.withProcessingFixture$app_releaseAndroidTest(PrecisionPlaybackDeviceTest.kt:397)
	at com.aurora.music.playback.PrecisionPlaybackDeviceTest.liveConvolutionReplacementFormatChangeAndSeekKeepMeasuredStereoGain(PrecisionPlaybackDeviceTest.kt:121)
	at java.lang.reflect.Method.invoke(Native Method)
	at org.junit.runners.model.FrameworkMethod$1.runReflectiveCall(FrameworkMethod.java:59)
	at org.junit.internal.runners.model.ReflectiveCallable.run(ReflectiveCallable.java:12)
	at org.junit.runners.model.FrameworkMethod.invokeExplosively(FrameworkMethod.java:56)
	at org.junit.internal.runners.statements.InvokeMethod.evaluate(InvokeMethod.java:17)
	at androidx.test.internal.runner.junit4.statement.RunBefores.evaluate(RunBefores.java:80)
	at androidx.test.internal.runner.junit4.statement.RunAfters.evaluate(RunAfters.java:61)
	at org.junit.runners.ParentRunner$3.evaluate(ParentRunner.java:306)
	at org.junit.runners.BlockJUnit4ClassRunner$1.evaluate(BlockJUnit4ClassRunner.java:100)
	at org.junit.runners.ParentRunner.runLeaf(ParentRunner.java:366)
	at org.junit.runners.BlockJUnit4ClassRunner.runChild(BlockJUnit4ClassRunner.java:103)
	at org.junit.runners.BlockJUnit4ClassRunner.runChild(BlockJUnit4ClassRunner.java:63)
	at org.junit.runners.ParentRunner$4.run(ParentRunner.java:331)
	at org.junit.runners.ParentRunner$1.schedule(ParentRunner.java:79)
	at org.junit.runners.ParentRunner.runChildren(ParentRunner.java:329)
	at org.junit.runners.ParentRunner.access$100(ParentRunner.java:66)
	at org.junit.runners.ParentRunner$2.evaluate(ParentRunner.java:293)
	at org.junit.runners.ParentRunner$3.evaluate(ParentRunner.java:306)
	at org.junit.runners.ParentRunner.run(ParentRunner.java:413)
	at org.junit.runners.Suite.runChild(Suite.java:128)
	at org.junit.runners.Suite.runChild(Suite.java:27)
	at org.junit.runners.ParentRunner$4.run(ParentRunner.java:331)
	at org.junit.runners.ParentRunner$1.schedule(ParentRunner.java:79)
	at org.junit.runners.ParentRunner.runChildren(ParentRunner.java:329)
	at org.junit.runners.ParentRunner.access$100(ParentRunner.java:66)
	at org.junit.runners.ParentRunner$2.evaluate(ParentRunner.java:293)
	at org.junit.runners.ParentRunner$3.evaluate(ParentRunner.java:306)
	at org.junit.runners.ParentRunner.run(ParentRunner.java:413)
	at org.junit.runner.JUnitCore.run(JUnitCore.java:137)
	at org.junit.runner.JUnitCore.run(JUnitCore.java:115)
	at androidx.test.internal.runner.TestExecutor.execute(TestExecutor.java:68)
	at androidx.test.internal.runner.TestExecutor.execute(TestExecutor.java:59)
	at androidx.test.runner.AndroidJUnitRunner.onStart(AndroidJUnitRunner.java:463)
	at android.app.Instrumentation$InstrumentationThread.run(Instrumentation.java:2755)

INSTRUMENTATION_STATUS: stream=
INSTRUMENTATION_STATUS: test=liveConvolutionReplacementFormatChangeAndSeekKeepMeasuredStereoGain
INSTRUMENTATION_STATUS_CODE: -4
INSTRUMENTATION_RESULT: stream=

Time: 8.231

OK (7 tests)


INSTRUMENTATION_CODE: -1
