INSTRUMENTATION_STATUS: class=com.aurora.music.playback.PrecisionEffectsDeviceTest
INSTRUMENTATION_STATUS: current=1
INSTRUMENTATION_STATUS: id=AndroidJUnitRunner
INSTRUMENTATION_STATUS: numtests=12
INSTRUMENTATION_STATUS: stream=
com.aurora.music.playback.PrecisionEffectsDeviceTest:
INSTRUMENTATION_STATUS: test=updateCopiesCallerArraysBeforeAnyFormatHasBeenConfigured
INSTRUMENTATION_STATUS_CODE: 1
INSTRUMENTATION_STATUS: class=com.aurora.music.playback.PrecisionEffectsDeviceTest
INSTRUMENTATION_STATUS: current=1
INSTRUMENTATION_STATUS: id=AndroidJUnitRunner
INSTRUMENTATION_STATUS: numtests=12
INSTRUMENTATION_STATUS: stream=.
INSTRUMENTATION_STATUS: test=updateCopiesCallerArraysBeforeAnyFormatHasBeenConfigured
INSTRUMENTATION_STATUS_CODE: 0
INSTRUMENTATION_STATUS: class=com.aurora.music.playback.PrecisionEffectsDeviceTest
INSTRUMENTATION_STATUS: current=2
INSTRUMENTATION_STATUS: id=AndroidJUnitRunner
INSTRUMENTATION_STATUS: numtests=12
INSTRUMENTATION_STATUS: stream=
INSTRUMENTATION_STATUS: test=pendingFormatsAndLiveUpdatesDoNotRetuneOrResetDrainingSamples
INSTRUMENTATION_STATUS_CODE: 1
INSTRUMENTATION_STATUS: class=com.aurora.music.playback.PrecisionEffectsDeviceTest
INSTRUMENTATION_STATUS: current=2
INSTRUMENTATION_STATUS: id=AndroidJUnitRunner
INSTRUMENTATION_STATUS: numtests=12
INSTRUMENTATION_STATUS: stream=.
INSTRUMENTATION_STATUS: test=pendingFormatsAndLiveUpdatesDoNotRetuneOrResetDrainingSamples
INSTRUMENTATION_STATUS_CODE: 0
INSTRUMENTATION_STATUS: class=com.aurora.music.playback.PrecisionEffectsDeviceTest
INSTRUMENTATION_STATUS: current=3
INSTRUMENTATION_STATUS: id=AndroidJUnitRunner
INSTRUMENTATION_STATUS: numtests=12
INSTRUMENTATION_STATUS: stream=
INSTRUMENTATION_STATUS: test=pcm16BoundaryAndDisabledBypassKeepTheirEstablishedEndpointRules
INSTRUMENTATION_STATUS_CODE: 1
INSTRUMENTATION_STATUS: class=com.aurora.music.playback.PrecisionEffectsDeviceTest
INSTRUMENTATION_STATUS: current=3
INSTRUMENTATION_STATUS: id=AndroidJUnitRunner
INSTRUMENTATION_STATUS: numtests=12
INSTRUMENTATION_STATUS: stream=.
INSTRUMENTATION_STATUS: test=pcm16BoundaryAndDisabledBypassKeepTheirEstablishedEndpointRules
INSTRUMENTATION_STATUS_CODE: 0
INSTRUMENTATION_STATUS: class=com.aurora.music.playback.PrecisionConvolutionDeviceTest
INSTRUMENTATION_STATUS: current=4
INSTRUMENTATION_STATUS: id=AndroidJUnitRunner
INSTRUMENTATION_STATUS: numtests=12
INSTRUMENTATION_STATUS: stream=
com.aurora.music.playback.PrecisionConvolutionDeviceTest:
INSTRUMENTATION_STATUS: test=pendingFormatOnlyBecomesActiveAtFlushAndSeekClearsOldTail
INSTRUMENTATION_STATUS_CODE: 1
INSTRUMENTATION_STATUS: class=com.aurora.music.playback.PrecisionConvolutionDeviceTest
INSTRUMENTATION_STATUS: current=4
INSTRUMENTATION_STATUS: id=AndroidJUnitRunner
INSTRUMENTATION_STATUS: numtests=12
INSTRUMENTATION_STATUS: stream=.
INSTRUMENTATION_STATUS: test=pendingFormatOnlyBecomesActiveAtFlushAndSeekClearsOldTail
INSTRUMENTATION_STATUS_CODE: 0
INSTRUMENTATION_STATUS: class=com.aurora.music.playback.PrecisionConvolutionDeviceTest
INSTRUMENTATION_STATUS: current=5
INSTRUMENTATION_STATUS: id=AndroidJUnitRunner
INSTRUMENTATION_STATUS: numtests=12
INSTRUMENTATION_STATUS: stream=
INSTRUMENTATION_STATUS: test=makeupOnlyUpdateKeepsConvolutionHistory
INSTRUMENTATION_STATUS_CODE: 1
INSTRUMENTATION_STATUS: class=com.aurora.music.playback.PrecisionConvolutionDeviceTest
INSTRUMENTATION_STATUS: current=5
INSTRUMENTATION_STATUS: id=AndroidJUnitRunner
INSTRUMENTATION_STATUS: numtests=12
INSTRUMENTATION_STATUS: stream=.
INSTRUMENTATION_STATUS: test=makeupOnlyUpdateKeepsConvolutionHistory
INSTRUMENTATION_STATUS_CODE: 0
INSTRUMENTATION_STATUS: class=com.aurora.music.playback.PrecisionConvolutionDeviceTest
INSTRUMENTATION_STATUS: current=6
INSTRUMENTATION_STATUS: id=AndroidJUnitRunner
INSTRUMENTATION_STATUS: numtests=12
INSTRUMENTATION_STATUS: stream=
INSTRUMENTATION_STATUS: test=outputHeldByCallerIsNotOverwrittenWhenEndIsQueued
INSTRUMENTATION_STATUS_CODE: 1
INSTRUMENTATION_STATUS: class=com.aurora.music.playback.PrecisionConvolutionDeviceTest
INSTRUMENTATION_STATUS: current=6
INSTRUMENTATION_STATUS: id=AndroidJUnitRunner
INSTRUMENTATION_STATUS: numtests=12
INSTRUMENTATION_STATUS: stream=.
INSTRUMENTATION_STATUS: test=outputHeldByCallerIsNotOverwrittenWhenEndIsQueued
INSTRUMENTATION_STATUS_CODE: 0
INSTRUMENTATION_STATUS: class=com.aurora.music.playback.PrecisionConvolutionDeviceTest
INSTRUMENTATION_STATUS: current=7
INSTRUMENTATION_STATUS: id=AndroidJUnitRunner
INSTRUMENTATION_STATUS: numtests=12
INSTRUMENTATION_STATUS: stream=
INSTRUMENTATION_STATUS: test=largeInputAndPartialEndPreserveEveryFrameWithBoundedOutput
INSTRUMENTATION_STATUS_CODE: 1
INSTRUMENTATION_STATUS: class=com.aurora.music.playback.PrecisionConvolutionDeviceTest
INSTRUMENTATION_STATUS: current=7
INSTRUMENTATION_STATUS: id=AndroidJUnitRunner
INSTRUMENTATION_STATUS: numtests=12
INSTRUMENTATION_STATUS: stream=.
INSTRUMENTATION_STATUS: test=largeInputAndPartialEndPreserveEveryFrameWithBoundedOutput
INSTRUMENTATION_STATUS_CODE: 0
INSTRUMENTATION_STATUS: class=com.aurora.music.playback.PrecisionConvolutionDeviceTest
INSTRUMENTATION_STATUS: current=8
INSTRUMENTATION_STATUS: id=AndroidJUnitRunner
INSTRUMENTATION_STATUS: numtests=12
INSTRUMENTATION_STATUS: stream=
INSTRUMENTATION_STATUS: test=invalidImpulseReportsFailureAndDryFallbackStillEnds
INSTRUMENTATION_STATUS_CODE: 1
INSTRUMENTATION_STATUS: class=com.aurora.music.playback.PrecisionConvolutionDeviceTest
INSTRUMENTATION_STATUS: current=8
INSTRUMENTATION_STATUS: id=AndroidJUnitRunner
INSTRUMENTATION_STATUS: numtests=12
INSTRUMENTATION_STATUS: stream=.
INSTRUMENTATION_STATUS: test=invalidImpulseReportsFailureAndDryFallbackStillEnds
INSTRUMENTATION_STATUS_CODE: 0
INSTRUMENTATION_STATUS: class=com.aurora.music.playback.PrecisionConvolutionDeviceTest
INSTRUMENTATION_STATUS: current=9
INSTRUMENTATION_STATUS: id=AndroidJUnitRunner
INSTRUMENTATION_STATUS: numtests=12
INSTRUMENTATION_STATUS: stream=
INSTRUMENTATION_STATUS: test=disableDrainsOldPartialBlockAndReenableStartsWithCleanHistory
INSTRUMENTATION_STATUS_CODE: 1
INSTRUMENTATION_STATUS: class=com.aurora.music.playback.PrecisionConvolutionDeviceTest
INSTRUMENTATION_STATUS: current=9
INSTRUMENTATION_STATUS: id=AndroidJUnitRunner
INSTRUMENTATION_STATUS: numtests=12
INSTRUMENTATION_STATUS: stream=.
INSTRUMENTATION_STATUS: test=disableDrainsOldPartialBlockAndReenableStartsWithCleanHistory
INSTRUMENTATION_STATUS_CODE: 0
INSTRUMENTATION_STATUS: class=com.aurora.music.playback.PrecisionConvolutionDeviceTest
INSTRUMENTATION_STATUS: current=10
INSTRUMENTATION_STATUS: id=AndroidJUnitRunner
INSTRUMENTATION_STATUS: numtests=12
INSTRUMENTATION_STATUS: stream=
INSTRUMENTATION_STATUS: test=newestImpulseWinsAndAChangedIrDoesNotLoseBufferedFrames
INSTRUMENTATION_STATUS_CODE: 1
INSTRUMENTATION_STATUS: class=com.aurora.music.playback.PrecisionConvolutionDeviceTest
INSTRUMENTATION_STATUS: current=10
INSTRUMENTATION_STATUS: id=AndroidJUnitRunner
INSTRUMENTATION_STATUS: numtests=12
INSTRUMENTATION_STATUS: stream=.
INSTRUMENTATION_STATUS: test=newestImpulseWinsAndAChangedIrDoesNotLoseBufferedFrames
INSTRUMENTATION_STATUS_CODE: 0
INSTRUMENTATION_STATUS: class=com.aurora.music.playback.PrecisionChainDeviceTest
INSTRUMENTATION_STATUS: current=11
INSTRUMENTATION_STATUS: id=AndroidJUnitRunner
INSTRUMENTATION_STATUS: numtests=12
INSTRUMENTATION_STATUS: stream=
com.aurora.music.playback.PrecisionChainDeviceTest:
INSTRUMENTATION_STATUS: test=largeDecoderBufferAndPartialEndKeepEveryFrameAcrossTheWholeChain
INSTRUMENTATION_STATUS_CODE: 1
INSTRUMENTATION_STATUS: class=com.aurora.music.playback.PrecisionChainDeviceTest
INSTRUMENTATION_STATUS: current=11
INSTRUMENTATION_STATUS: id=AndroidJUnitRunner
INSTRUMENTATION_STATUS: numtests=12
INSTRUMENTATION_STATUS: stream=.
INSTRUMENTATION_STATUS: test=largeDecoderBufferAndPartialEndKeepEveryFrameAcrossTheWholeChain
INSTRUMENTATION_STATUS_CODE: 0
INSTRUMENTATION_STATUS: class=com.aurora.music.playback.PrecisionChainDeviceTest
INSTRUMENTATION_STATUS: current=12
INSTRUMENTATION_STATUS: id=AndroidJUnitRunner
INSTRUMENTATION_STATUS: numtests=12
INSTRUMENTATION_STATUS: stream=
INSTRUMENTATION_STATUS: test=pendingFormatDrainsOldAudioAndSeekClearsTheCombinedHistories
INSTRUMENTATION_STATUS_CODE: 1
INSTRUMENTATION_STATUS: class=com.aurora.music.playback.PrecisionChainDeviceTest
INSTRUMENTATION_STATUS: current=12
INSTRUMENTATION_STATUS: id=AndroidJUnitRunner
INSTRUMENTATION_STATUS: numtests=12
INSTRUMENTATION_STATUS: stream=.
INSTRUMENTATION_STATUS: test=pendingFormatDrainsOldAudioAndSeekClearsTheCombinedHistories
INSTRUMENTATION_STATUS_CODE: 0
INSTRUMENTATION_RESULT: stream=

Time: 0.421

OK (12 tests)


INSTRUMENTATION_CODE: -1
