INSTRUMENTATION_STATUS: class=com.aurora.music.playback.PrecisionPlaybackDeviceTest
INSTRUMENTATION_STATUS: current=1
INSTRUMENTATION_STATUS: id=AndroidJUnitRunner
INSTRUMENTATION_STATUS: numtests=3
INSTRUMENTATION_STATUS: stream=
com.aurora.music.playback.PrecisionPlaybackDeviceTest:
INSTRUMENTATION_STATUS: test=crossfadeHandoffRetainsCustomAndConvolutionProcessingAndQueue
INSTRUMENTATION_STATUS_CODE: 1
INSTRUMENTATION_STATUS: class=com.aurora.music.playback.PrecisionPlaybackDeviceTest
INSTRUMENTATION_STATUS: current=1
INSTRUMENTATION_STATUS: id=AndroidJUnitRunner
INSTRUMENTATION_STATUS: numtests=3
INSTRUMENTATION_STATUS: stack=java.lang.AssertionError: Timed out: 44100 Hz processed L/R RMS gains 0.2505936168136361 / 0.12529680840681806 (index=2, position=12005, state=4, playing=false). Aurora Signal Path · diagnostic v1
State: Idle
Sample preservation: Unknown
- No active playback path

Source: Unknown
Evidence: Not observed

Decoder: Unknown
Evidence: Not observed

Processing: Unknown
Evidence: Not observed

Resampling: Unknown
Evidence: Not observed

Output: Unknown
Evidence: Not observed

Device: Unknown
Evidence: Not observed

Latency: Processor, sink and downstream latency are not measured
Evidence: Not observed

Hardware behavior beyond the reported output boundary is not verified.

	at org.junit.Assert.fail(Assert.java:89)
	at com.aurora.music.playback.PrecisionPlaybackDeviceTest.await(PrecisionPlaybackDeviceTest.kt:382)
	at com.aurora.music.playback.PrecisionPlaybackDeviceTest.awaitLevels(PrecisionPlaybackDeviceTest.kt:298)
	at com.aurora.music.playback.PrecisionPlaybackDeviceTest.crossfadeHandoffRetainsCustomAndConvolutionProcessingAndQueue$lambda$25(PrecisionPlaybackDeviceTest.kt:159)
	at com.aurora.music.playback.PrecisionPlaybackDeviceTest.$r8$lambda$qna_xlT-AVgYsVGqNi9Mq7j2L5Q(Unknown Source:0)
	at com.aurora.music.playback.PrecisionPlaybackDeviceTest$$ExternalSyntheticLambda11.invoke(D8$$SyntheticClass:0)
	at com.aurora.music.playback.PrecisionPlaybackDeviceTest.withProcessingFixture(PrecisionPlaybackDeviceTest.kt:267)
	at com.aurora.music.playback.PrecisionPlaybackDeviceTest.crossfadeHandoffRetainsCustomAndConvolutionProcessingAndQueue(PrecisionPlaybackDeviceTest.kt:130)

INSTRUMENTATION_STATUS: stream=
Error in crossfadeHandoffRetainsCustomAndConvolutionProcessingAndQueue(com.aurora.music.playback.PrecisionPlaybackDeviceTest):
java.lang.AssertionError: Timed out: 44100 Hz processed L/R RMS gains 0.2505936168136361 / 0.12529680840681806 (index=2, position=12005, state=4, playing=false). Aurora Signal Path · diagnostic v1
State: Idle
Sample preservation: Unknown
- No active playback path

Source: Unknown
Evidence: Not observed

Decoder: Unknown
Evidence: Not observed

Processing: Unknown
Evidence: Not observed

Resampling: Unknown
Evidence: Not observed

Output: Unknown
Evidence: Not observed

Device: Unknown
Evidence: Not observed

Latency: Processor, sink and downstream latency are not measured
Evidence: Not observed

Hardware behavior beyond the reported output boundary is not verified.

	at org.junit.Assert.fail(Assert.java:89)
	at com.aurora.music.playback.PrecisionPlaybackDeviceTest.await(PrecisionPlaybackDeviceTest.kt:382)
	at com.aurora.music.playback.PrecisionPlaybackDeviceTest.awaitLevels(PrecisionPlaybackDeviceTest.kt:298)
	at com.aurora.music.playback.PrecisionPlaybackDeviceTest.crossfadeHandoffRetainsCustomAndConvolutionProcessingAndQueue$lambda$25(PrecisionPlaybackDeviceTest.kt:159)
	at com.aurora.music.playback.PrecisionPlaybackDeviceTest.$r8$lambda$qna_xlT-AVgYsVGqNi9Mq7j2L5Q(Unknown Source:0)
	at com.aurora.music.playback.PrecisionPlaybackDeviceTest$$ExternalSyntheticLambda11.invoke(D8$$SyntheticClass:0)
	at com.aurora.music.playback.PrecisionPlaybackDeviceTest.withProcessingFixture(PrecisionPlaybackDeviceTest.kt:267)
	at com.aurora.music.playback.PrecisionPlaybackDeviceTest.crossfadeHandoffRetainsCustomAndConvolutionProcessingAndQueue(PrecisionPlaybackDeviceTest.kt:130)

INSTRUMENTATION_STATUS: test=crossfadeHandoffRetainsCustomAndConvolutionProcessingAndQueue
INSTRUMENTATION_STATUS_CODE: -2
INSTRUMENTATION_STATUS: class=com.aurora.music.playback.PrecisionPlaybackDeviceTest
INSTRUMENTATION_STATUS: current=2
INSTRUMENTATION_STATUS: id=AndroidJUnitRunner
INSTRUMENTATION_STATUS: numtests=3
INSTRUMENTATION_STATUS: stream=
INSTRUMENTATION_STATUS: test=bothMixDecksProcessCustomEffectsAndConvolutionThroughSeekAndResume
INSTRUMENTATION_STATUS_CODE: 1
INSTRUMENTATION_STATUS: class=com.aurora.music.playback.PrecisionPlaybackDeviceTest
INSTRUMENTATION_STATUS: current=2
INSTRUMENTATION_STATUS: id=AndroidJUnitRunner
INSTRUMENTATION_STATUS: numtests=3
INSTRUMENTATION_STATUS: stream=.
INSTRUMENTATION_STATUS: test=bothMixDecksProcessCustomEffectsAndConvolutionThroughSeekAndResume
INSTRUMENTATION_STATUS_CODE: 0
INSTRUMENTATION_STATUS: class=com.aurora.music.playback.PrecisionPlaybackDeviceTest
INSTRUMENTATION_STATUS: current=3
INSTRUMENTATION_STATUS: id=AndroidJUnitRunner
INSTRUMENTATION_STATUS: numtests=3
INSTRUMENTATION_STATUS: stream=
INSTRUMENTATION_STATUS: test=liveConvolutionReplacementFormatChangeAndSeekKeepMeasuredStereoGain
INSTRUMENTATION_STATUS_CODE: 1
INSTRUMENTATION_STATUS: class=com.aurora.music.playback.PrecisionPlaybackDeviceTest
INSTRUMENTATION_STATUS: current=3
INSTRUMENTATION_STATUS: id=AndroidJUnitRunner
INSTRUMENTATION_STATUS: numtests=3
INSTRUMENTATION_STATUS: stack=java.lang.AssertionError: Timed out: 48000 Hz processed L/R RMS gains 0.12529680840681806 / 0.2505936168136361 (index=1, position=13892, state=3, playing=true). Aurora Signal Path · diagnostic v1
State: Active
Sample preservation: Unknown
- Android mixer, active hardware format and downstream processing are not observed

Source: Local playable copy · RAW · 1536000 bit/s
Format: 48000 Hz · 16-bit · 2 channels · integer PCM
Evidence: Selected playable copy and current decoder metadata; upstream original format and transcoding history may be unknown

Decoder: Decoder implementation unknown
Evidence: Media3 decoder event and sink input configuration

Processing: Waiting for decoded sink format. No active Aurora sample-processing node observed. Bypassed / unapplied: Custom Aurora DSP (binary64 coefficients, arithmetic and state; PCM16 input/output), Convolution (binary64 FFT and state; PCM16 input/output)
Evidence: Current sink configuration and runtime processing state

Resampling: Input/output rate comparison unavailable; downstream conversion unknown
Evidence: Configured transport boundary, not a hardware measurement

Output: Android AudioTrack configuration; downstream hardware format unknown
Format: 48000 Hz · 16-bit · 2 channels · integer PCM
Evidence: Media3 AudioTrack initialization event

Device: Active route unknown
Evidence: Preferred-device selection is not proof of the routed device

Latency: Processor, sink and downstream latency are not measured
Evidence: Not observed

Hardware behavior beyond the reported output boundary is not verified.

	at org.junit.Assert.fail(Assert.java:89)
	at com.aurora.music.playback.PrecisionPlaybackDeviceTest.await(PrecisionPlaybackDeviceTest.kt:382)
	at com.aurora.music.playback.PrecisionPlaybackDeviceTest.awaitLevels(PrecisionPlaybackDeviceTest.kt:298)
	at com.aurora.music.playback.PrecisionPlaybackDeviceTest.liveConvolutionReplacementFormatChangeAndSeekKeepMeasuredStereoGain$lambda$15(PrecisionPlaybackDeviceTest.kt:112)
	at com.aurora.music.playback.PrecisionPlaybackDeviceTest.$r8$lambda$5USTlzD435R_ds7TtHMAZ_n_6eo(Unknown Source:0)
	at com.aurora.music.playback.PrecisionPlaybackDeviceTest$$ExternalSyntheticLambda19.invoke(D8$$SyntheticClass:0)
	at com.aurora.music.playback.PrecisionPlaybackDeviceTest.withProcessingFixture(PrecisionPlaybackDeviceTest.kt:267)
	at com.aurora.music.playback.PrecisionPlaybackDeviceTest.liveConvolutionReplacementFormatChangeAndSeekKeepMeasuredStereoGain(PrecisionPlaybackDeviceTest.kt:79)

INSTRUMENTATION_STATUS: stream=
Error in liveConvolutionReplacementFormatChangeAndSeekKeepMeasuredStereoGain(com.aurora.music.playback.PrecisionPlaybackDeviceTest):
java.lang.AssertionError: Timed out: 48000 Hz processed L/R RMS gains 0.12529680840681806 / 0.2505936168136361 (index=1, position=13892, state=3, playing=true). Aurora Signal Path · diagnostic v1
State: Active
Sample preservation: Unknown
- Android mixer, active hardware format and downstream processing are not observed

Source: Local playable copy · RAW · 1536000 bit/s
Format: 48000 Hz · 16-bit · 2 channels · integer PCM
Evidence: Selected playable copy and current decoder metadata; upstream original format and transcoding history may be unknown

Decoder: Decoder implementation unknown
Evidence: Media3 decoder event and sink input configuration

Processing: Waiting for decoded sink format. No active Aurora sample-processing node observed. Bypassed / unapplied: Custom Aurora DSP (binary64 coefficients, arithmetic and state; PCM16 input/output), Convolution (binary64 FFT and state; PCM16 input/output)
Evidence: Current sink configuration and runtime processing state

Resampling: Input/output rate comparison unavailable; downstream conversion unknown
Evidence: Configured transport boundary, not a hardware measurement

Output: Android AudioTrack configuration; downstream hardware format unknown
Format: 48000 Hz · 16-bit · 2 channels · integer PCM
Evidence: Media3 AudioTrack initialization event

Device: Active route unknown
Evidence: Preferred-device selection is not proof of the routed device

Latency: Processor, sink and downstream latency are not measured
Evidence: Not observed

Hardware behavior beyond the reported output boundary is not verified.

	at org.junit.Assert.fail(Assert.java:89)
	at com.aurora.music.playback.PrecisionPlaybackDeviceTest.await(PrecisionPlaybackDeviceTest.kt:382)
	at com.aurora.music.playback.PrecisionPlaybackDeviceTest.awaitLevels(PrecisionPlaybackDeviceTest.kt:298)
	at com.aurora.music.playback.PrecisionPlaybackDeviceTest.liveConvolutionReplacementFormatChangeAndSeekKeepMeasuredStereoGain$lambda$15(PrecisionPlaybackDeviceTest.kt:112)
	at com.aurora.music.playback.PrecisionPlaybackDeviceTest.$r8$lambda$5USTlzD435R_ds7TtHMAZ_n_6eo(Unknown Source:0)
	at com.aurora.music.playback.PrecisionPlaybackDeviceTest$$ExternalSyntheticLambda19.invoke(D8$$SyntheticClass:0)
	at com.aurora.music.playback.PrecisionPlaybackDeviceTest.withProcessingFixture(PrecisionPlaybackDeviceTest.kt:267)
	at com.aurora.music.playback.PrecisionPlaybackDeviceTest.liveConvolutionReplacementFormatChangeAndSeekKeepMeasuredStereoGain(PrecisionPlaybackDeviceTest.kt:79)

INSTRUMENTATION_STATUS: test=liveConvolutionReplacementFormatChangeAndSeekKeepMeasuredStereoGain
INSTRUMENTATION_STATUS_CODE: -2
INSTRUMENTATION_RESULT: stream=

Time: 39.514
There were 2 failures:
1) crossfadeHandoffRetainsCustomAndConvolutionProcessingAndQueue(com.aurora.music.playback.PrecisionPlaybackDeviceTest)
java.lang.AssertionError: Timed out: 44100 Hz processed L/R RMS gains 0.2505936168136361 / 0.12529680840681806 (index=2, position=12005, state=4, playing=false). Aurora Signal Path · diagnostic v1
State: Idle
Sample preservation: Unknown
- No active playback path

Source: Unknown
Evidence: Not observed

Decoder: Unknown
Evidence: Not observed

Processing: Unknown
Evidence: Not observed

Resampling: Unknown
Evidence: Not observed

Output: Unknown
Evidence: Not observed

Device: Unknown
Evidence: Not observed

Latency: Processor, sink and downstream latency are not measured
Evidence: Not observed

Hardware behavior beyond the reported output boundary is not verified.

	at org.junit.Assert.fail(Assert.java:89)
	at com.aurora.music.playback.PrecisionPlaybackDeviceTest.await(PrecisionPlaybackDeviceTest.kt:382)
	at com.aurora.music.playback.PrecisionPlaybackDeviceTest.awaitLevels(PrecisionPlaybackDeviceTest.kt:298)
	at com.aurora.music.playback.PrecisionPlaybackDeviceTest.crossfadeHandoffRetainsCustomAndConvolutionProcessingAndQueue$lambda$25(PrecisionPlaybackDeviceTest.kt:159)
	at com.aurora.music.playback.PrecisionPlaybackDeviceTest.$r8$lambda$qna_xlT-AVgYsVGqNi9Mq7j2L5Q(Unknown Source:0)
	at com.aurora.music.playback.PrecisionPlaybackDeviceTest$$ExternalSyntheticLambda11.invoke(D8$$SyntheticClass:0)
	at com.aurora.music.playback.PrecisionPlaybackDeviceTest.withProcessingFixture(PrecisionPlaybackDeviceTest.kt:267)
	at com.aurora.music.playback.PrecisionPlaybackDeviceTest.crossfadeHandoffRetainsCustomAndConvolutionProcessingAndQueue(PrecisionPlaybackDeviceTest.kt:130)
2) liveConvolutionReplacementFormatChangeAndSeekKeepMeasuredStereoGain(com.aurora.music.playback.PrecisionPlaybackDeviceTest)
java.lang.AssertionError: Timed out: 48000 Hz processed L/R RMS gains 0.12529680840681806 / 0.2505936168136361 (index=1, position=13892, state=3, playing=true). Aurora Signal Path · diagnostic v1
State: Active
Sample preservation: Unknown
- Android mixer, active hardware format and downstream processing are not observed

Source: Local playable copy · RAW · 1536000 bit/s
Format: 48000 Hz · 16-bit · 2 channels · integer PCM
Evidence: Selected playable copy and current decoder metadata; upstream original format and transcoding history may be unknown

Decoder: Decoder implementation unknown
Evidence: Media3 decoder event and sink input configuration

Processing: Waiting for decoded sink format. No active Aurora sample-processing node observed. Bypassed / unapplied: Custom Aurora DSP (binary64 coefficients, arithmetic and state; PCM16 input/output), Convolution (binary64 FFT and state; PCM16 input/output)
Evidence: Current sink configuration and runtime processing state

Resampling: Input/output rate comparison unavailable; downstream conversion unknown
Evidence: Configured transport boundary, not a hardware measurement

Output: Android AudioTrack configuration; downstream hardware format unknown
Format: 48000 Hz · 16-bit · 2 channels · integer PCM
Evidence: Media3 AudioTrack initialization event

Device: Active route unknown
Evidence: Preferred-device selection is not proof of the routed device

Latency: Processor, sink and downstream latency are not measured
Evidence: Not observed

Hardware behavior beyond the reported output boundary is not verified.

	at org.junit.Assert.fail(Assert.java:89)
	at com.aurora.music.playback.PrecisionPlaybackDeviceTest.await(PrecisionPlaybackDeviceTest.kt:382)
	at com.aurora.music.playback.PrecisionPlaybackDeviceTest.awaitLevels(PrecisionPlaybackDeviceTest.kt:298)
	at com.aurora.music.playback.PrecisionPlaybackDeviceTest.liveConvolutionReplacementFormatChangeAndSeekKeepMeasuredStereoGain$lambda$15(PrecisionPlaybackDeviceTest.kt:112)
	at com.aurora.music.playback.PrecisionPlaybackDeviceTest.$r8$lambda$5USTlzD435R_ds7TtHMAZ_n_6eo(Unknown Source:0)
	at com.aurora.music.playback.PrecisionPlaybackDeviceTest$$ExternalSyntheticLambda19.invoke(D8$$SyntheticClass:0)
	at com.aurora.music.playback.PrecisionPlaybackDeviceTest.withProcessingFixture(PrecisionPlaybackDeviceTest.kt:267)
	at com.aurora.music.playback.PrecisionPlaybackDeviceTest.liveConvolutionReplacementFormatChangeAndSeekKeepMeasuredStereoGain(PrecisionPlaybackDeviceTest.kt:79)

FAILURES!!!
Tests run: 3,  Failures: 2


INSTRUMENTATION_CODE: -1
