INSTRUMENTATION_STATUS: class=com.aurora.music.playback.PrecisionPlaybackDeviceTest
INSTRUMENTATION_STATUS: current=1
INSTRUMENTATION_STATUS: id=AndroidJUnitRunner
INSTRUMENTATION_STATUS: numtests=3
INSTRUMENTATION_STATUS: stream=
com.aurora.music.playback.PrecisionPlaybackDeviceTest:
INSTRUMENTATION_STATUS: test=crossfadeHandoffRetainsCustomAndConvolutionProcessingAndQueue
INSTRUMENTATION_STATUS_CODE: 1
INSTRUMENTATION_STATUS: class=com.aurora.music.playback.PrecisionPlaybackDeviceTest
INSTRUMENTATION_STATUS: current=1
INSTRUMENTATION_STATUS: id=AndroidJUnitRunner
INSTRUMENTATION_STATUS: numtests=3
INSTRUMENTATION_STATUS: stream=.
INSTRUMENTATION_STATUS: test=crossfadeHandoffRetainsCustomAndConvolutionProcessingAndQueue
INSTRUMENTATION_STATUS_CODE: 0
INSTRUMENTATION_STATUS: class=com.aurora.music.playback.PrecisionPlaybackDeviceTest
INSTRUMENTATION_STATUS: current=2
INSTRUMENTATION_STATUS: id=AndroidJUnitRunner
INSTRUMENTATION_STATUS: numtests=3
INSTRUMENTATION_STATUS: stream=
INSTRUMENTATION_STATUS: test=bothMixDecksProcessCustomEffectsAndConvolutionThroughSeekAndResume
INSTRUMENTATION_STATUS_CODE: 1
INSTRUMENTATION_STATUS: class=com.aurora.music.playback.PrecisionPlaybackDeviceTest
INSTRUMENTATION_STATUS: current=2
INSTRUMENTATION_STATUS: id=AndroidJUnitRunner
INSTRUMENTATION_STATUS: numtests=3
INSTRUMENTATION_STATUS: stream=.
INSTRUMENTATION_STATUS: test=bothMixDecksProcessCustomEffectsAndConvolutionThroughSeekAndResume
INSTRUMENTATION_STATUS_CODE: 0
INSTRUMENTATION_STATUS: class=com.aurora.music.playback.PrecisionPlaybackDeviceTest
INSTRUMENTATION_STATUS: current=3
INSTRUMENTATION_STATUS: id=AndroidJUnitRunner
INSTRUMENTATION_STATUS: numtests=3
INSTRUMENTATION_STATUS: stream=
INSTRUMENTATION_STATUS: test=liveConvolutionReplacementFormatChangeAndSeekKeepMeasuredStereoGain
INSTRUMENTATION_STATUS_CODE: 1
INSTRUMENTATION_STATUS: class=com.aurora.music.playback.PrecisionPlaybackDeviceTest
INSTRUMENTATION_STATUS: current=3
INSTRUMENTATION_STATUS: id=AndroidJUnitRunner
INSTRUMENTATION_STATUS: numtests=3
INSTRUMENTATION_STATUS: stream=.
INSTRUMENTATION_STATUS: test=liveConvolutionReplacementFormatChangeAndSeekKeepMeasuredStereoGain
INSTRUMENTATION_STATUS_CODE: 0
INSTRUMENTATION_RESULT: stream=

Time: 16.198

OK (3 tests)


INSTRUMENTATION_CODE: -1
